Component: ARM Compiler 5.06 update 4 (build 422) Tool: armlink [4d35d2]

==============================================================================

Section Cross References

    main.o(i.main) refers to scheduler.o(i.TaskSchedInit) for TaskSchedInit
    main.o(i.main) refers to scheduler.o(i.TaskDelayListInit) for TaskDelayListInit
    main.o(i.main) refers to task.o(i.TaskInit) for TaskInit
    main.o(i.main) refers to scheduler.o(i.GetHighestReady) for GetHighestReady
    main.o(i.main) refers to switch.o(i.TaskRunFisrt) for TaskRunFisrt
    main.o(i.main) refers to app.o(.bss) for gTaskIdle_Stack
    main.o(i.main) refers to app.o(i.task_idle_func) for task_idle_func
    main.o(i.main) refers to scheduler.o(.data) for gNextTask
    switch.o(.emb_text) refers to scheduler.o(.data) for gCurrentTask
    app.o(i.InitApps) refers to task.o(i.TaskInit) for TaskInit
    app.o(i.InitApps) refers to app.o(.bss) for gTask1_Stack
    app.o(i.InitApps) refers to app.o(i.task1_func) for task1_func
    app.o(i.InitApps) refers to app.o(i.task2_func) for task2_func
    app.o(i.InitApps) refers to app.o(i.task3_func) for task3_func
    app.o(i.InitApps) refers to app.o(i.task4_func) for task4_func
    app.o(i.task1_func) refers to time.o(i.TaskDelay) for TaskDelay
    app.o(i.task1_func) refers to cpu.o(i.CpuUsageGet) for CpuUsageGet
    app.o(i.task1_func) refers to app.o(.data) for gTask1_Flag
    app.o(i.task2_func) refers to time.o(i.TaskDelay) for TaskDelay
    app.o(i.task2_func) refers to app.o(.data) for gTask2_Flag
    app.o(i.task3_func) refers to time.o(i.TaskDelay) for TaskDelay
    app.o(i.task3_func) refers to app.o(.data) for gTask3_Flag
    app.o(i.task4_func) refers to time.o(i.TaskDelay) for TaskDelay
    app.o(i.task4_func) refers to app.o(.data) for gTask4_Flag
    app.o(i.task_idle_func) refers to cpu.o(i.SystemTickInit) for SystemTickInit
    app.o(i.task_idle_func) refers to cpu.o(i.InitCpuUseageStat) for InitCpuUseageStat
    app.o(i.task_idle_func) refers to scheduler.o(i.TaskSchedDisable) for TaskSchedDisable
    app.o(i.task_idle_func) refers to app.o(i.InitApps) for InitApps
    app.o(i.task_idle_func) refers to cpu.o(i.SetSysTickPeriod) for SetSysTickPeriod
    app.o(i.task_idle_func) refers to cpu.o(i.CpuUsageSyncWithSysTick) for CpuUsageSyncWithSysTick
    app.o(i.task_idle_func) refers to switch.o(i.TaskEnterCritical) for TaskEnterCritical
    app.o(i.task_idle_func) refers to switch.o(i.TaskExitCritical) for TaskExitCritical
    app.o(i.task_idle_func) refers to cpu.o(.data) for gIdleCount
    bitmap.o(i.BitmapGetFirstSet) refers to bitmap.o(i.BitmapMaxBit) for BitmapMaxBit
    bitmap.o(i.BitmapGetFirstSet) refers to bitmap.o(.constdata) for index_table
    cpu.o(i.CheckCpuUsage) refers to scheduler.o(i.TaskSchedEnable) for TaskSchedEnable
    cpu.o(i.CheckCpuUsage) refers to dflt_clz.o(x$fpl$dfltu) for __aeabi_ui2d
    cpu.o(i.CheckCpuUsage) refers to dmul.o(x$fpl$dmul) for __aeabi_dmul
    cpu.o(i.CheckCpuUsage) refers to ddiv.o(x$fpl$ddiv) for __aeabi_ddiv
    cpu.o(i.CheckCpuUsage) refers to daddsub_clz.o(x$fpl$drsb) for __aeabi_drsub
    cpu.o(i.CheckCpuUsage) refers to d2f.o(x$fpl$d2f) for __aeabi_d2f
    cpu.o(i.CheckCpuUsage) refers to cpu.o(.data) for gEnableCpuUsageStat
    cpu.o(i.CpuUsageGet) refers to switch.o(i.TaskEnterCritical) for TaskEnterCritical
    cpu.o(i.CpuUsageGet) refers to switch.o(i.TaskExitCritical) for TaskExitCritical
    cpu.o(i.CpuUsageGet) refers to cpu.o(.data) for gCpuUsage
    cpu.o(i.CpuUsageSyncWithSysTick) refers to cpu.o(.data) for gEnableCpuUsageStat
    cpu.o(i.InitCpuUseageStat) refers to cpu.o(.data) for gIdleCount
    cpu.o(i.SetSysTickPeriod) refers to system_armcm3.o(.data) for SystemCoreClock
    cpu.o(i.SysTick_Handler) refers to cpu.o(i.TaskSysTick_Handler) for TaskSysTick_Handler
    cpu.o(i.SystemTickInit) refers to cpu.o(.data) for gTickCount
    cpu.o(i.TaskSysTick_Handler) refers to switch.o(i.TaskEnterCritical) for TaskEnterCritical
    cpu.o(i.TaskSysTick_Handler) refers to event.o(i.EventRemoveTask) for EventRemoveTask
    cpu.o(i.TaskSysTick_Handler) refers to scheduler.o(i.TimeTaskWakeUp) for TimeTaskWakeUp
    cpu.o(i.TaskSysTick_Handler) refers to scheduler.o(i.TaskSchedReady) for TaskSchedReady
    cpu.o(i.TaskSysTick_Handler) refers to list.o(i.ListNodeCount) for ListNodeCount
    cpu.o(i.TaskSysTick_Handler) refers to list.o(i.ListRemoveFirst) for ListRemoveFirst
    cpu.o(i.TaskSysTick_Handler) refers to list.o(i.ListAddLast) for ListAddLast
    cpu.o(i.TaskSysTick_Handler) refers to cpu.o(i.CheckCpuUsage) for CheckCpuUsage
    cpu.o(i.TaskSysTick_Handler) refers to switch.o(i.TaskExitCritical) for TaskExitCritical
    cpu.o(i.TaskSysTick_Handler) refers to scheduler.o(i.TaskSched) for TaskSched
    cpu.o(i.TaskSysTick_Handler) refers to scheduler.o(.bss) for gTaskDelayList
    cpu.o(i.TaskSysTick_Handler) refers to scheduler.o(.data) for gCurrentTask
    cpu.o(i.TaskSysTick_Handler) refers to cpu.o(.data) for gTickCount
    scheduler.o(i.GetHighestReady) refers to bitmap.o(i.BitmapGetFirstSet) for BitmapGetFirstSet
    scheduler.o(i.GetHighestReady) refers to list.o(i.ListFirst) for ListFirst
    scheduler.o(i.GetHighestReady) refers to scheduler.o(.data) for gTaskPrioBitmap
    scheduler.o(i.GetHighestReady) refers to scheduler.o(.bss) for gTaskTable
    scheduler.o(i.TaskDelayListInit) refers to list.o(i.ListInit) for ListInit
    scheduler.o(i.TaskDelayListInit) refers to scheduler.o(.bss) for gTaskDelayList
    scheduler.o(i.TaskSched) refers to switch.o(i.TaskEnterCritical) for TaskEnterCritical
    scheduler.o(i.TaskSched) refers to switch.o(i.TaskExitCritical) for TaskExitCritical
    scheduler.o(i.TaskSched) refers to scheduler.o(i.GetHighestReady) for GetHighestReady
    scheduler.o(i.TaskSched) refers to switch.o(i.TaskSwitch) for TaskSwitch
    scheduler.o(i.TaskSched) refers to scheduler.o(.data) for gSchedLockCount
    scheduler.o(i.TaskSchedDisable) refers to switch.o(i.TaskEnterCritical) for TaskEnterCritical
    scheduler.o(i.TaskSchedDisable) refers to switch.o(i.TaskExitCritical) for TaskExitCritical
    scheduler.o(i.TaskSchedDisable) refers to scheduler.o(.data) for gSchedLockCount
    scheduler.o(i.TaskSchedEnable) refers to switch.o(i.TaskEnterCritical) for TaskEnterCritical
    scheduler.o(i.TaskSchedEnable) refers to scheduler.o(i.TaskSched) for TaskSched
    scheduler.o(i.TaskSchedEnable) refers to switch.o(i.TaskExitCritical) for TaskExitCritical
    scheduler.o(i.TaskSchedEnable) refers to scheduler.o(.data) for gSchedLockCount
    scheduler.o(i.TaskSchedInit) refers to list.o(i.ListInit) for ListInit
    scheduler.o(i.TaskSchedInit) refers to scheduler.o(.data) for gSchedLockCount
    scheduler.o(i.TaskSchedInit) refers to scheduler.o(.bss) for gTaskTable
    scheduler.o(i.TaskSchedReady) refers to list.o(i.ListAddLast) for ListAddLast
    scheduler.o(i.TaskSchedReady) refers to bitmap.o(i.BitmapSet) for BitmapSet
    scheduler.o(i.TaskSchedReady) refers to scheduler.o(.bss) for gTaskTable
    scheduler.o(i.TaskSchedReady) refers to scheduler.o(.data) for gTaskPrioBitmap
    scheduler.o(i.TaskSchedRemove) refers to list.o(i.ListRemove) for ListRemove
    scheduler.o(i.TaskSchedRemove) refers to list.o(i.ListNodeCount) for ListNodeCount
    scheduler.o(i.TaskSchedRemove) refers to bitmap.o(i.BitmapClear) for BitmapClear
    scheduler.o(i.TaskSchedRemove) refers to scheduler.o(.bss) for gTaskTable
    scheduler.o(i.TaskSchedRemove) refers to scheduler.o(.data) for gTaskPrioBitmap
    scheduler.o(i.TaskSchedUnReady) refers to list.o(i.ListRemove) for ListRemove
    scheduler.o(i.TaskSchedUnReady) refers to list.o(i.ListNodeCount) for ListNodeCount
    scheduler.o(i.TaskSchedUnReady) refers to bitmap.o(i.BitmapClear) for BitmapClear
    scheduler.o(i.TaskSchedUnReady) refers to scheduler.o(.bss) for gTaskTable
    scheduler.o(i.TaskSchedUnReady) refers to scheduler.o(.data) for gTaskPrioBitmap
    scheduler.o(i.TimeTaskRemove) refers to list.o(i.ListRemove) for ListRemove
    scheduler.o(i.TimeTaskRemove) refers to scheduler.o(.bss) for gTaskDelayList
    scheduler.o(i.TimeTaskWait) refers to list.o(i.ListAddLast) for ListAddLast
    scheduler.o(i.TimeTaskWait) refers to scheduler.o(.bss) for gTaskDelayList
    scheduler.o(i.TimeTaskWakeUp) refers to list.o(i.ListRemove) for ListRemove
    scheduler.o(i.TimeTaskWakeUp) refers to scheduler.o(.bss) for gTaskDelayList
    time.o(i.TaskDelay) refers to switch.o(i.TaskEnterCritical) for TaskEnterCritical
    time.o(i.TaskDelay) refers to scheduler.o(i.TimeTaskWait) for TimeTaskWait
    time.o(i.TaskDelay) refers to scheduler.o(i.TaskSchedUnReady) for TaskSchedUnReady
    time.o(i.TaskDelay) refers to switch.o(i.TaskExitCritical) for TaskExitCritical
    time.o(i.TaskDelay) refers to scheduler.o(i.TaskSched) for TaskSched
    time.o(i.TaskDelay) refers to scheduler.o(.data) for gCurrentTask
    event.o(i.EventInit) refers to list.o(i.ListInit) for ListInit
    event.o(i.EventRemoveAll) refers to switch.o(i.TaskEnterCritical) for TaskEnterCritical
    event.o(i.EventRemoveAll) refers to list.o(i.ListNodeCount) for ListNodeCount
    event.o(i.EventRemoveAll) refers to scheduler.o(i.TimeTaskWakeUp) for TimeTaskWakeUp
    event.o(i.EventRemoveAll) refers to scheduler.o(i.TaskSchedReady) for TaskSchedReady
    event.o(i.EventRemoveAll) refers to list.o(i.ListRemoveFirst) for ListRemoveFirst
    event.o(i.EventRemoveAll) refers to switch.o(i.TaskExitCritical) for TaskExitCritical
    event.o(i.EventRemoveTask) refers to switch.o(i.TaskEnterCritical) for TaskEnterCritical
    event.o(i.EventRemoveTask) refers to list.o(i.ListRemove) for ListRemove
    event.o(i.EventRemoveTask) refers to switch.o(i.TaskExitCritical) for TaskExitCritical
    event.o(i.EventWait) refers to switch.o(i.TaskEnterCritical) for TaskEnterCritical
    event.o(i.EventWait) refers to scheduler.o(i.TaskSchedUnReady) for TaskSchedUnReady
    event.o(i.EventWait) refers to list.o(i.ListAddLast) for ListAddLast
    event.o(i.EventWait) refers to scheduler.o(i.TimeTaskWait) for TimeTaskWait
    event.o(i.EventWait) refers to scheduler.o(i.TaskSched) for TaskSched
    event.o(i.EventWait) refers to switch.o(i.TaskExitCritical) for TaskExitCritical
    event.o(i.EventWaitCount) refers to switch.o(i.TaskEnterCritical) for TaskEnterCritical
    event.o(i.EventWaitCount) refers to list.o(i.ListNodeCount) for ListNodeCount
    event.o(i.EventWaitCount) refers to switch.o(i.TaskExitCritical) for TaskExitCritical
    event.o(i.EventWakeUp) refers to switch.o(i.TaskEnterCritical) for TaskEnterCritical
    event.o(i.EventWakeUp) refers to list.o(i.ListRemoveFirst) for ListRemoveFirst
    event.o(i.EventWakeUp) refers to scheduler.o(i.TimeTaskWakeUp) for TimeTaskWakeUp
    event.o(i.EventWakeUp) refers to scheduler.o(i.TaskSchedReady) for TaskSchedReady
    event.o(i.EventWakeUp) refers to scheduler.o(i.TaskSched) for TaskSched
    event.o(i.EventWakeUp) refers to switch.o(i.TaskExitCritical) for TaskExitCritical
    event.o(i.EventWakeUpTask) refers to switch.o(i.TaskEnterCritical) for TaskEnterCritical
    event.o(i.EventWakeUpTask) refers to list.o(i.ListRemove) for ListRemove
    event.o(i.EventWakeUpTask) refers to scheduler.o(i.TimeTaskWakeUp) for TimeTaskWakeUp
    event.o(i.EventWakeUpTask) refers to scheduler.o(i.TaskSchedReady) for TaskSchedReady
    event.o(i.EventWakeUpTask) refers to switch.o(i.TaskExitCritical) for TaskExitCritical
    task.o(i.TaskDeleteSelf) refers to switch.o(i.TaskEnterCritical) for TaskEnterCritical
    task.o(i.TaskDeleteSelf) refers to scheduler.o(i.TaskSchedRemove) for TaskSchedRemove
    task.o(i.TaskDeleteSelf) refers to scheduler.o(i.TaskSched) for TaskSched
    task.o(i.TaskDeleteSelf) refers to switch.o(i.TaskExitCritical) for TaskExitCritical
    task.o(i.TaskForceDelete) refers to switch.o(i.TaskEnterCritical) for TaskEnterCritical
    task.o(i.TaskForceDelete) refers to scheduler.o(i.TimeTaskRemove) for TimeTaskRemove
    task.o(i.TaskForceDelete) refers to scheduler.o(i.TaskSchedRemove) for TaskSchedRemove
    task.o(i.TaskForceDelete) refers to scheduler.o(i.TaskSched) for TaskSched
    task.o(i.TaskForceDelete) refers to switch.o(i.TaskExitCritical) for TaskExitCritical
    task.o(i.TaskForceDelete) refers to scheduler.o(.data) for gCurrentTask
    task.o(i.TaskGetInfo) refers to switch.o(i.TaskEnterCritical) for TaskEnterCritical
    task.o(i.TaskGetInfo) refers to switch.o(i.TaskExitCritical) for TaskExitCritical
    task.o(i.TaskInit) refers to rt_memclr_w.o(.text) for __aeabi_memclr4
    task.o(i.TaskInit) refers to list.o(i.NodeInit) for NodeInit
    task.o(i.TaskInit) refers to scheduler.o(i.TaskSchedReady) for TaskSchedReady
    task.o(i.TaskIsRequestDelete) refers to switch.o(i.TaskEnterCritical) for TaskEnterCritical
    task.o(i.TaskIsRequestDelete) refers to switch.o(i.TaskExitCritical) for TaskExitCritical
    task.o(i.TaskRequestDelete) refers to switch.o(i.TaskEnterCritical) for TaskEnterCritical
    task.o(i.TaskRequestDelete) refers to switch.o(i.TaskExitCritical) for TaskExitCritical
    task.o(i.TaskSuspend) refers to switch.o(i.TaskEnterCritical) for TaskEnterCritical
    task.o(i.TaskSuspend) refers to scheduler.o(i.TaskSchedUnReady) for TaskSchedUnReady
    task.o(i.TaskSuspend) refers to scheduler.o(i.TaskSched) for TaskSched
    task.o(i.TaskSuspend) refers to switch.o(i.TaskExitCritical) for TaskExitCritical
    task.o(i.TaskSuspend) refers to scheduler.o(.data) for gCurrentTask
    task.o(i.TaskWakeUp) refers to switch.o(i.TaskEnterCritical) for TaskEnterCritical
    task.o(i.TaskWakeUp) refers to scheduler.o(i.TaskSchedReady) for TaskSchedReady
    task.o(i.TaskWakeUp) refers to scheduler.o(i.TaskSched) for TaskSched
    task.o(i.TaskWakeUp) refers to switch.o(i.TaskExitCritical) for TaskExitCritical
    task.o(i.TaskWakeUp) refers to scheduler.o(.data) for gCurrentTask
    startup_armcm3.o(STACK) refers (Special) to heapauxi.o(.text) for __use_two_region_memory
    startup_armcm3.o(HEAP) refers (Special) to heapauxi.o(.text) for __use_two_region_memory
    startup_armcm3.o(RESET) refers (Special) to heapauxi.o(.text) for __use_two_region_memory
    startup_armcm3.o(RESET) refers to startup_armcm3.o(STACK) for __initial_sp
    startup_armcm3.o(RESET) refers to startup_armcm3.o(.text) for Reset_Handler
    startup_armcm3.o(RESET) refers to switch.o(.emb_text) for PendSV_Handler
    startup_armcm3.o(RESET) refers to cpu.o(i.SysTick_Handler) for SysTick_Handler
    startup_armcm3.o(.text) refers (Special) to heapauxi.o(.text) for __use_two_region_memory
    startup_armcm3.o(.text) refers to system_armcm3.o(i.SystemInit) for SystemInit
    startup_armcm3.o(.text) refers to __main.o(!!!main) for __main
    startup_armcm3.o(.text) refers to startup_armcm3.o(HEAP) for Heap_Mem
    startup_armcm3.o(.text) refers to startup_armcm3.o(STACK) for Stack_Mem
    system_armcm3.o(i.SystemCoreClockUpdate) refers to system_armcm3.o(.data) for SystemCoreClock
    system_armcm3.o(i.SystemInit) refers to system_armcm3.o(.data) for SystemCoreClock
    __main.o(!!!main) refers to __rtentry.o(.ARM.Collect$$rtentry$$00000000) for __rt_entry
    d2f.o(x$fpl$d2f) refers (Special) to usenofp.o(x$fpl$usenofp) for __I$use$fp
    d2f.o(x$fpl$d2f) refers to fretinf.o(x$fpl$fretinf) for __fpl_fretinf
    d2f.o(x$fpl$d2f) refers to dnaninf.o(x$fpl$dnaninf) for __fpl_dnaninf
    daddsub_clz.o(x$fpl$dadd) refers (Special) to usenofp.o(x$fpl$usenofp) for __I$use$fp
    daddsub_clz.o(x$fpl$dadd) refers to daddsub_clz.o(x$fpl$dsub) for _dsub1
    daddsub_clz.o(x$fpl$dadd) refers to dretinf.o(x$fpl$dretinf) for __fpl_dretinf
    daddsub_clz.o(x$fpl$dadd) refers to dnaninf.o(x$fpl$dnaninf) for __fpl_dnaninf
    daddsub_clz.o(x$fpl$drsb) refers (Special) to usenofp.o(x$fpl$usenofp) for __I$use$fp
    daddsub_clz.o(x$fpl$drsb) refers to daddsub_clz.o(x$fpl$dadd) for _dadd1
    daddsub_clz.o(x$fpl$drsb) refers to daddsub_clz.o(x$fpl$dsub) for _dsub1
    daddsub_clz.o(x$fpl$dsub) refers (Special) to usenofp.o(x$fpl$usenofp) for __I$use$fp
    daddsub_clz.o(x$fpl$dsub) refers to daddsub_clz.o(x$fpl$dadd) for _dadd1
    daddsub_clz.o(x$fpl$dsub) refers to dnaninf.o(x$fpl$dnaninf) for __fpl_dnaninf
    ddiv.o(x$fpl$drdiv) refers (Special) to usenofp.o(x$fpl$usenofp) for __I$use$fp
    ddiv.o(x$fpl$drdiv) refers to ddiv.o(x$fpl$ddiv) for ddiv_entry
    ddiv.o(x$fpl$ddiv) refers (Special) to usenofp.o(x$fpl$usenofp) for __I$use$fp
    ddiv.o(x$fpl$ddiv) refers to dretinf.o(x$fpl$dretinf) for __fpl_dretinf
    ddiv.o(x$fpl$ddiv) refers to dnaninf.o(x$fpl$dnaninf) for __fpl_dnaninf
    dflt_clz.o(x$fpl$dfltu) refers (Special) to usenofp.o(x$fpl$usenofp) for __I$use$fp
    dflt_clz.o(x$fpl$dflt) refers (Special) to usenofp.o(x$fpl$usenofp) for __I$use$fp
    dflt_clz.o(x$fpl$dfltn) refers (Special) to usenofp.o(x$fpl$usenofp) for __I$use$fp
    dmul.o(x$fpl$dmul) refers (Special) to usenofp.o(x$fpl$usenofp) for __I$use$fp
    dmul.o(x$fpl$dmul) refers to dretinf.o(x$fpl$dretinf) for __fpl_dretinf
    dmul.o(x$fpl$dmul) refers to dnaninf.o(x$fpl$dnaninf) for __fpl_dnaninf
    __rtentry.o(.ARM.Collect$$rtentry$$00000000) refers (Special) to __rtentry2.o(.ARM.Collect$$rtentry$$0000000A) for __rt_entry_li
    __rtentry.o(.ARM.Collect$$rtentry$$00000000) refers (Special) to __rtentry2.o(.ARM.Collect$$rtentry$$0000000D) for __rt_entry_main
    __rtentry.o(.ARM.Collect$$rtentry$$00000000) refers (Special) to __rtentry2.o(.ARM.Collect$$rtentry$$0000000C) for __rt_entry_postli_1
    __rtentry.o(.ARM.Collect$$rtentry$$00000000) refers (Special) to __rtentry2.o(.ARM.Collect$$rtentry$$00000009) for __rt_entry_postsh_1
    __rtentry.o(.ARM.Collect$$rtentry$$00000000) refers (Special) to __rtentry2.o(.ARM.Collect$$rtentry$$00000002) for __rt_entry_presh_1
    __rtentry.o(.ARM.Collect$$rtentry$$00000000) refers (Special) to __rtentry4.o(.ARM.Collect$$rtentry$$00000004) for __rt_entry_sh
    dnaninf.o(x$fpl$dnaninf) refers (Special) to usenofp.o(x$fpl$usenofp) for __I$use$fp
    dretinf.o(x$fpl$dretinf) refers (Special) to usenofp.o(x$fpl$usenofp) for __I$use$fp
    fretinf.o(x$fpl$fretinf) refers (Special) to usenofp.o(x$fpl$usenofp) for __I$use$fp
    __rtentry2.o(.ARM.Collect$$rtentry$$00000008) refers to boardinit2.o(.text) for _platform_post_stackheap_init
    __rtentry2.o(.ARM.Collect$$rtentry$$0000000A) refers to libinit.o(.ARM.Collect$$libinit$$00000000) for __rt_lib_init
    __rtentry2.o(.ARM.Collect$$rtentry$$0000000B) refers to boardinit3.o(.text) for _platform_post_lib_init
    __rtentry2.o(.ARM.Collect$$rtentry$$0000000D) refers to main.o(i.main) for main
    __rtentry2.o(.ARM.Collect$$rtentry$$0000000D) refers to exit.o(.text) for exit
    __rtentry2.o(.ARM.exidx) refers to __rtentry2.o(.ARM.Collect$$rtentry$$00000001) for .ARM.Collect$$rtentry$$00000001
    __rtentry2.o(.ARM.exidx) refers to __rtentry2.o(.ARM.Collect$$rtentry$$00000008) for .ARM.Collect$$rtentry$$00000008
    __rtentry2.o(.ARM.exidx) refers to __rtentry2.o(.ARM.Collect$$rtentry$$0000000A) for .ARM.Collect$$rtentry$$0000000A
    __rtentry2.o(.ARM.exidx) refers to __rtentry2.o(.ARM.Collect$$rtentry$$0000000B) for .ARM.Collect$$rtentry$$0000000B
    __rtentry2.o(.ARM.exidx) refers to __rtentry2.o(.ARM.Collect$$rtentry$$0000000D) for .ARM.Collect$$rtentry$$0000000D
    __rtentry4.o(.ARM.Collect$$rtentry$$00000004) refers to sys_stackheap_outer.o(.text) for __user_setup_stackheap
    __rtentry4.o(.ARM.exidx) refers to __rtentry4.o(.ARM.Collect$$rtentry$$00000004) for .ARM.Collect$$rtentry$$00000004
    sys_stackheap_outer.o(.text) refers to libspace.o(.text) for __user_perproc_libspace
    sys_stackheap_outer.o(.text) refers to startup_armcm3.o(.text) for __user_initial_stackheap
    exit.o(.text) refers to rtexit.o(.ARM.Collect$$rtexit$$00000000) for __rt_exit
    libinit.o(.ARM.Collect$$libinit$$00000000) refers (Special) to libinit2.o(.ARM.Collect$$libinit$$0000002E) for __rt_lib_init_alloca_1
    libinit.o(.ARM.Collect$$libinit$$00000000) refers (Special) to libinit2.o(.ARM.Collect$$libinit$$0000002C) for __rt_lib_init_argv_1
    libinit.o(.ARM.Collect$$libinit$$00000000) refers (Special) to libinit2.o(.ARM.Collect$$libinit$$0000001B) for __rt_lib_init_atexit_1
    libinit.o(.ARM.Collect$$libinit$$00000000) refers (Special) to libinit2.o(.ARM.Collect$$libinit$$00000021) for __rt_lib_init_clock_1
    libinit.o(.ARM.Collect$$libinit$$00000000) refers (Special) to libinit2.o(.ARM.Collect$$libinit$$00000032) for __rt_lib_init_cpp_1
    libinit.o(.ARM.Collect$$libinit$$00000000) refers (Special) to libinit2.o(.ARM.Collect$$libinit$$00000030) for __rt_lib_init_exceptions_1
    libinit.o(.ARM.Collect$$libinit$$00000000) refers (Special) to libinit2.o(.ARM.Collect$$libinit$$00000002) for __rt_lib_init_fp_1
    libinit.o(.ARM.Collect$$libinit$$00000000) refers (Special) to libinit2.o(.ARM.Collect$$libinit$$0000001F) for __rt_lib_init_fp_trap_1
    libinit.o(.ARM.Collect$$libinit$$00000000) refers (Special) to libinit2.o(.ARM.Collect$$libinit$$00000023) for __rt_lib_init_getenv_1
    libinit.o(.ARM.Collect$$libinit$$00000000) refers (Special) to libinit2.o(.ARM.Collect$$libinit$$0000000A) for __rt_lib_init_heap_1
    libinit.o(.ARM.Collect$$libinit$$00000000) refers (Special) to libinit2.o(.ARM.Collect$$libinit$$00000011) for __rt_lib_init_lc_collate_1
    libinit.o(.ARM.Collect$$libinit$$00000000) refers (Special) to libinit2.o(.ARM.Collect$$libinit$$00000013) for __rt_lib_init_lc_ctype_1
    libinit.o(.ARM.Collect$$libinit$$00000000) refers (Special) to libinit2.o(.ARM.Collect$$libinit$$00000015) for __rt_lib_init_lc_monetary_1
    libinit.o(.ARM.Collect$$libinit$$00000000) refers (Special) to libinit2.o(.ARM.Collect$$libinit$$00000017) for __rt_lib_init_lc_numeric_1
    libinit.o(.ARM.Collect$$libinit$$00000000) refers (Special) to libinit2.o(.ARM.Collect$$libinit$$00000019) for __rt_lib_init_lc_time_1
    libinit.o(.ARM.Collect$$libinit$$00000000) refers (Special) to libinit2.o(.ARM.Collect$$libinit$$00000004) for __rt_lib_init_preinit_1
    libinit.o(.ARM.Collect$$libinit$$00000000) refers (Special) to libinit2.o(.ARM.Collect$$libinit$$0000000E) for __rt_lib_init_rand_1
    libinit.o(.ARM.Collect$$libinit$$00000000) refers (Special) to libinit2.o(.ARM.Collect$$libinit$$00000033) for __rt_lib_init_return
    libinit.o(.ARM.Collect$$libinit$$00000000) refers (Special) to libinit2.o(.ARM.Collect$$libinit$$0000001D) for __rt_lib_init_signal_1
    libinit.o(.ARM.Collect$$libinit$$00000000) refers (Special) to libinit2.o(.ARM.Collect$$libinit$$00000025) for __rt_lib_init_stdio_1
    libinit.o(.ARM.Collect$$libinit$$00000000) refers (Special) to libinit2.o(.ARM.Collect$$libinit$$0000000C) for __rt_lib_init_user_alloc_1
    libspace.o(.text) refers to libspace.o(.bss) for __libspace_start
    rtexit.o(.ARM.Collect$$rtexit$$00000000) refers (Special) to rtexit2.o(.ARM.Collect$$rtexit$$00000004) for __rt_exit_exit
    rtexit.o(.ARM.Collect$$rtexit$$00000000) refers (Special) to rtexit2.o(.ARM.Collect$$rtexit$$00000003) for __rt_exit_ls
    rtexit.o(.ARM.Collect$$rtexit$$00000000) refers (Special) to rtexit2.o(.ARM.Collect$$rtexit$$00000002) for __rt_exit_prels_1
    rtexit.o(.ARM.exidx) refers (Special) to rtexit2.o(.ARM.Collect$$rtexit$$00000004) for __rt_exit_exit
    rtexit.o(.ARM.exidx) refers (Special) to rtexit2.o(.ARM.Collect$$rtexit$$00000003) for __rt_exit_ls
    rtexit.o(.ARM.exidx) refers (Special) to rtexit2.o(.ARM.Collect$$rtexit$$00000002) for __rt_exit_prels_1
    rtexit.o(.ARM.exidx) refers to rtexit.o(.ARM.Collect$$rtexit$$00000000) for .ARM.Collect$$rtexit$$00000000
    libinit2.o(.ARM.Collect$$libinit$$00000010) refers to libinit2.o(.ARM.Collect$$libinit$$0000000F) for .ARM.Collect$$libinit$$0000000F
    libinit2.o(.ARM.Collect$$libinit$$00000012) refers to libinit2.o(.ARM.Collect$$libinit$$0000000F) for .ARM.Collect$$libinit$$0000000F
    libinit2.o(.ARM.Collect$$libinit$$00000014) refers to libinit2.o(.ARM.Collect$$libinit$$0000000F) for .ARM.Collect$$libinit$$0000000F
    libinit2.o(.ARM.Collect$$libinit$$00000016) refers to libinit2.o(.ARM.Collect$$libinit$$0000000F) for .ARM.Collect$$libinit$$0000000F
    libinit2.o(.ARM.Collect$$libinit$$00000018) refers to libinit2.o(.ARM.Collect$$libinit$$0000000F) for .ARM.Collect$$libinit$$0000000F
    libinit2.o(.ARM.Collect$$libinit$$00000026) refers to argv_veneer.o(.emb_text) for __ARM_argv_veneer
    libinit2.o(.ARM.Collect$$libinit$$00000027) refers to argv_veneer.o(.emb_text) for __ARM_argv_veneer
    rtexit2.o(.ARM.Collect$$rtexit$$00000003) refers to libshutdown.o(.ARM.Collect$$libshutdown$$00000000) for __rt_lib_shutdown
    rtexit2.o(.ARM.Collect$$rtexit$$00000004) refers to sys_exit.o(.text) for _sys_exit
    rtexit2.o(.ARM.exidx) refers to rtexit2.o(.ARM.Collect$$rtexit$$00000001) for .ARM.Collect$$rtexit$$00000001
    rtexit2.o(.ARM.exidx) refers to rtexit2.o(.ARM.Collect$$rtexit$$00000003) for .ARM.Collect$$rtexit$$00000003
    rtexit2.o(.ARM.exidx) refers to rtexit2.o(.ARM.Collect$$rtexit$$00000004) for .ARM.Collect$$rtexit$$00000004
    argv_veneer.o(.emb_text) refers to no_argv.o(.text) for __ARM_get_argv
    sys_exit.o(.text) refers (Special) to use_no_semi.o(.text) for __I$use$semihosting
    sys_exit.o(.text) refers (Special) to indicate_semi.o(.text) for __semihosting_library_function
    _get_argv_nomalloc.o(.text) refers (Special) to hrguard.o(.text) for __heap_region$guard
    _get_argv_nomalloc.o(.text) refers to defsig_rtmem_outer.o(.text) for __rt_SIGRTMEM
    _get_argv_nomalloc.o(.text) refers to sys_command.o(.text) for _sys_command_string
    libshutdown.o(.ARM.Collect$$libshutdown$$00000000) refers (Special) to libshutdown2.o(.ARM.Collect$$libshutdown$$00000002) for __rt_lib_shutdown_cpp_1
    libshutdown.o(.ARM.Collect$$libshutdown$$00000000) refers (Special) to libshutdown2.o(.ARM.Collect$$libshutdown$$00000007) for __rt_lib_shutdown_fp_trap_1
    libshutdown.o(.ARM.Collect$$libshutdown$$00000000) refers (Special) to libshutdown2.o(.ARM.Collect$$libshutdown$$0000000F) for __rt_lib_shutdown_heap_1
    libshutdown.o(.ARM.Collect$$libshutdown$$00000000) refers (Special) to libshutdown2.o(.ARM.Collect$$libshutdown$$00000010) for __rt_lib_shutdown_return
    libshutdown.o(.ARM.Collect$$libshutdown$$00000000) refers (Special) to libshutdown2.o(.ARM.Collect$$libshutdown$$0000000A) for __rt_lib_shutdown_signal_1
    libshutdown.o(.ARM.Collect$$libshutdown$$00000000) refers (Special) to libshutdown2.o(.ARM.Collect$$libshutdown$$00000004) for __rt_lib_shutdown_stdio_1
    libshutdown.o(.ARM.Collect$$libshutdown$$00000000) refers (Special) to libshutdown2.o(.ARM.Collect$$libshutdown$$0000000C) for __rt_lib_shutdown_user_alloc_1
    sys_command.o(.text) refers (Special) to use_no_semi.o(.text) for __I$use$semihosting
    sys_command.o(.text) refers (Special) to indicate_semi.o(.text) for __semihosting_library_function
    defsig_rtmem_outer.o(.text) refers to defsig_rtmem_inner.o(.text) for __rt_SIGRTMEM_inner
    defsig_rtmem_outer.o(.text) refers to defsig_exit.o(.text) for __sig_exit
    defsig_rtmem_formal.o(.text) refers to rt_raise.o(.text) for __rt_raise
    rt_raise.o(.text) refers to __raise.o(.text) for __raise
    rt_raise.o(.text) refers to sys_exit.o(.text) for _sys_exit
    defsig_exit.o(.text) refers to sys_exit.o(.text) for _sys_exit
    defsig_rtmem_inner.o(.text) refers to defsig_general.o(.text) for __default_signal_display
    __raise.o(.text) refers to defsig.o(CL$$defsig) for __default_signal_handler
    defsig_general.o(.text) refers to sys_wrch.o(.text) for _ttywrch
    sys_wrch.o(.text) refers (Special) to use_no_semi.o(.text) for __I$use$semihosting
    sys_wrch.o(.text) refers (Special) to indicate_semi.o(.text) for __semihosting_library_function
    defsig.o(CL$$defsig) refers to defsig_rtmem_inner.o(.text) for __rt_SIGRTMEM_inner
    defsig_abrt_inner.o(.text) refers to defsig_general.o(.text) for __default_signal_display
    defsig_fpe_inner.o(.text) refers to defsig_general.o(.text) for __default_signal_display
    defsig_rtred_inner.o(.text) refers to defsig_general.o(.text) for __default_signal_display
    defsig_stak_inner.o(.text) refers to defsig_general.o(.text) for __default_signal_display
    defsig_pvfn_inner.o(.text) refers to defsig_general.o(.text) for __default_signal_display
    defsig_cppl_inner.o(.text) refers to defsig_general.o(.text) for __default_signal_display
    defsig_segv_inner.o(.text) refers to defsig_general.o(.text) for __default_signal_display
    defsig_other.o(.text) refers to defsig_general.o(.text) for __default_signal_display


==============================================================================

Removing Unused input sections from the image.

    Removing main.o(.rev16_text), (4 bytes).
    Removing main.o(.revsh_text), (4 bytes).
    Removing main.o(.rrx_text), (6 bytes).
    Removing switch.o(.rev16_text), (4 bytes).
    Removing switch.o(.revsh_text), (4 bytes).
    Removing switch.o(.rrx_text), (6 bytes).
    Removing list.o(i.ListAddFirst), (24 bytes).
    Removing list.o(i.ListInsertAfter), (20 bytes).
    Removing list.o(i.ListLast), (12 bytes).
    Removing list.o(i.ListNextNode), (16 bytes).
    Removing list.o(i.ListPreNode), (16 bytes).
    Removing list.o(i.ListRemovLast), (26 bytes).
    Removing list.o(i.ListRemoveAll), (32 bytes).
    Removing app.o(.rev16_text), (4 bytes).
    Removing app.o(.revsh_text), (4 bytes).
    Removing app.o(.rrx_text), (6 bytes).
    Removing bitmap.o(i.BitmapInit), (6 bytes).
    Removing cpu.o(.rev16_text), (4 bytes).
    Removing cpu.o(.revsh_text), (4 bytes).
    Removing cpu.o(.rrx_text), (6 bytes).
    Removing scheduler.o(.rev16_text), (4 bytes).
    Removing scheduler.o(.revsh_text), (4 bytes).
    Removing scheduler.o(.rrx_text), (6 bytes).
    Removing scheduler.o(i.TaskSchedRemove), (60 bytes).
    Removing scheduler.o(i.TimeTaskRemove), (20 bytes).
    Removing time.o(.rev16_text), (4 bytes).
    Removing time.o(.revsh_text), (4 bytes).
    Removing time.o(.rrx_text), (6 bytes).
    Removing time.o(i.SoftDelay), (14 bytes).
    Removing event.o(.rev16_text), (4 bytes).
    Removing event.o(.revsh_text), (4 bytes).
    Removing event.o(.rrx_text), (6 bytes).
    Removing event.o(i.EventInit), (16 bytes).
    Removing event.o(i.EventRemoveAll), (88 bytes).
    Removing event.o(i.EventWait), (82 bytes).
    Removing event.o(i.EventWaitCount), (30 bytes).
    Removing event.o(i.EventWakeUp), (82 bytes).
    Removing event.o(i.EventWakeUpTask), (70 bytes).
    Removing sem.o(.rev16_text), (4 bytes).
    Removing sem.o(.revsh_text), (4 bytes).
    Removing sem.o(.rrx_text), (6 bytes).
    Removing msgbox.o(.rev16_text), (4 bytes).
    Removing msgbox.o(.revsh_text), (4 bytes).
    Removing msgbox.o(.rrx_text), (6 bytes).
    Removing memblock.o(.rev16_text), (4 bytes).
    Removing memblock.o(.revsh_text), (4 bytes).
    Removing memblock.o(.rrx_text), (6 bytes).
    Removing flaggroup.o(.rev16_text), (4 bytes).
    Removing flaggroup.o(.revsh_text), (4 bytes).
    Removing flaggroup.o(.rrx_text), (6 bytes).
    Removing mutex.o(.rev16_text), (4 bytes).
    Removing mutex.o(.revsh_text), (4 bytes).
    Removing mutex.o(.rrx_text), (6 bytes).
    Removing timer.o(.rev16_text), (4 bytes).
    Removing timer.o(.revsh_text), (4 bytes).
    Removing timer.o(.rrx_text), (6 bytes).
    Removing hooks.o(.rev16_text), (4 bytes).
    Removing hooks.o(.revsh_text), (4 bytes).
    Removing hooks.o(.rrx_text), (6 bytes).
    Removing task.o(.rev16_text), (4 bytes).
    Removing task.o(.revsh_text), (4 bytes).
    Removing task.o(.rrx_text), (6 bytes).
    Removing task.o(i.TaskDeleteSelf), (46 bytes).
    Removing task.o(i.TaskForceDelete), (88 bytes).
    Removing task.o(i.TaskGetInfo), (78 bytes).
    Removing task.o(i.TaskIsRequestDelete), (24 bytes).
    Removing task.o(i.TaskRequestDelete), (24 bytes).
    Removing task.o(i.TaskSetCleanFunc), (6 bytes).
    Removing task.o(i.TaskSuspend), (68 bytes).
    Removing task.o(i.TaskWakeUp), (68 bytes).
    Removing system_armcm3.o(.rev16_text), (4 bytes).
    Removing system_armcm3.o(.revsh_text), (4 bytes).
    Removing system_armcm3.o(.rrx_text), (6 bytes).
    Removing system_armcm3.o(i.SystemCoreClockUpdate), (16 bytes).

74 unused section(s) (total 1256 bytes) removed from the image.

==============================================================================

Image Symbol Table

    Local Symbols

    Symbol Name                              Value     Ov Type        Size  Object(Section)

    RESET                                    0x00000000   Section      192  startup_armcm3.o(RESET)
    ../clib/angel/boardlib.s                 0x00000000   Number         0  boardshut.o ABSOLUTE
    ../clib/angel/boardlib.s                 0x00000000   Number         0  boardinit2.o ABSOLUTE
    ../clib/angel/boardlib.s                 0x00000000   Number         0  boardinit1.o ABSOLUTE
    ../clib/angel/boardlib.s                 0x00000000   Number         0  boardinit3.o ABSOLUTE
    ../clib/angel/handlers.s                 0x00000000   Number         0  __scatter_zi.o ABSOLUTE
    ../clib/angel/handlers.s                 0x00000000   Number         0  __scatter_copy.o ABSOLUTE
    ../clib/angel/kernel.s                   0x00000000   Number         0  __rtentry2.o ABSOLUTE
    ../clib/angel/kernel.s                   0x00000000   Number         0  __rtentry.o ABSOLUTE
    ../clib/angel/kernel.s                   0x00000000   Number         0  rtexit.o ABSOLUTE
    ../clib/angel/kernel.s                   0x00000000   Number         0  rtexit2.o ABSOLUTE
    ../clib/angel/kernel.s                   0x00000000   Number         0  __rtentry4.o ABSOLUTE
    ../clib/angel/rt.s                       0x00000000   Number         0  rt_raise.o ABSOLUTE
    ../clib/angel/scatter.s                  0x00000000   Number         0  __scatter.o ABSOLUTE
    ../clib/angel/startup.s                  0x00000000   Number         0  __main.o ABSOLUTE
    ../clib/angel/sys.s                      0x00000000   Number         0  use_no_semi.o ABSOLUTE
    ../clib/angel/sys.s                      0x00000000   Number         0  indicate_semi.o ABSOLUTE
    ../clib/angel/sys.s                      0x00000000   Number         0  libspace.o ABSOLUTE
    ../clib/angel/sys.s                      0x00000000   Number         0  sys_stackheap_outer.o ABSOLUTE
    ../clib/angel/sysapp.c                   0x00000000   Number         0  sys_command.o ABSOLUTE
    ../clib/angel/sysapp.c                   0x00000000   Number         0  sys_wrch.o ABSOLUTE
    ../clib/angel/sysapp.c                   0x00000000   Number         0  sys_exit.o ABSOLUTE
    ../clib/armsys.c                         0x00000000   Number         0  _get_argv_nomalloc.o ABSOLUTE
    ../clib/armsys.c                         0x00000000   Number         0  no_argv.o ABSOLUTE
    ../clib/armsys.c                         0x00000000   Number         0  argv_veneer.o ABSOLUTE
    ../clib/armsys.c                         0x00000000   Number         0  argv_veneer.o ABSOLUTE
    ../clib/heapalloc.c                      0x00000000   Number         0  hrguard.o ABSOLUTE
    ../clib/heapaux.c                        0x00000000   Number         0  heapauxi.o ABSOLUTE
    ../clib/libinit.s                        0x00000000   Number         0  libinit2.o ABSOLUTE
    ../clib/libinit.s                        0x00000000   Number         0  libshutdown.o ABSOLUTE
    ../clib/libinit.s                        0x00000000   Number         0  libshutdown2.o ABSOLUTE
    ../clib/libinit.s                        0x00000000   Number         0  libinit.o ABSOLUTE
    ../clib/memcpset.s                       0x00000000   Number         0  rt_memclr_w.o ABSOLUTE
    ../clib/signal.c                         0x00000000   Number         0  defsig_rtred_inner.o ABSOLUTE
    ../clib/signal.c                         0x00000000   Number         0  defsig_abrt_inner.o ABSOLUTE
    ../clib/signal.c                         0x00000000   Number         0  defsig_fpe_inner.o ABSOLUTE
    ../clib/signal.c                         0x00000000   Number         0  defsig_other.o ABSOLUTE
    ../clib/signal.c                         0x00000000   Number         0  defsig_segv_inner.o ABSOLUTE
    ../clib/signal.c                         0x00000000   Number         0  defsig_cppl_inner.o ABSOLUTE
    ../clib/signal.c                         0x00000000   Number         0  defsig_pvfn_inner.o ABSOLUTE
    ../clib/signal.c                         0x00000000   Number         0  defsig_stak_inner.o ABSOLUTE
    ../clib/signal.c                         0x00000000   Number         0  defsig_rtmem_outer.o ABSOLUTE
    ../clib/signal.c                         0x00000000   Number         0  defsig_rtmem_formal.o ABSOLUTE
    ../clib/signal.c                         0x00000000   Number         0  defsig_exit.o ABSOLUTE
    ../clib/signal.c                         0x00000000   Number         0  defsig_rtmem_inner.o ABSOLUTE
    ../clib/signal.c                         0x00000000   Number         0  __raise.o ABSOLUTE
    ../clib/signal.c                         0x00000000   Number         0  defsig_general.o ABSOLUTE
    ../clib/signal.s                         0x00000000   Number         0  defsig.o ABSOLUTE
    ../clib/stdlib.c                         0x00000000   Number         0  exit.o ABSOLUTE
    ../fplib/d2f.s                           0x00000000   Number         0  d2f.o ABSOLUTE
    ../fplib/daddsub.s                       0x00000000   Number         0  daddsub_clz.o ABSOLUTE
    ../fplib/ddiv.s                          0x00000000   Number         0  ddiv.o ABSOLUTE
    ../fplib/dflt.s                          0x00000000   Number         0  dflt_clz.o ABSOLUTE
    ../fplib/dmul.s                          0x00000000   Number         0  dmul.o ABSOLUTE
    ../fplib/dnaninf.s                       0x00000000   Number         0  dnaninf.o ABSOLUTE
    ../fplib/dretinf.s                       0x00000000   Number         0  dretinf.o ABSOLUTE
    ../fplib/fpinit.s                        0x00000000   Number         0  fpinit.o ABSOLUTE
    ../fplib/fretinf.s                       0x00000000   Number         0  fretinf.o ABSOLUTE
    ../fplib/usenofp.s                       0x00000000   Number         0  usenofp.o ABSOLUTE
    RTE\Device\ARMCM3\startup_ARMCM3.s       0x00000000   Number         0  startup_armcm3.o ABSOLUTE
    RTE\Device\ARMCM3\system_ARMCM3.c        0x00000000   Number         0  system_armcm3.o ABSOLUTE
    RTE\\Device\\ARMCM3\\system_ARMCM3.c     0x00000000   Number         0  system_armcm3.o ABSOLUTE
    Source\\app.c                            0x00000000   Number         0  app.o ABSOLUTE
    Source\\cpu.c                            0x00000000   Number         0  cpu.o ABSOLUTE
    Source\\event.c                          0x00000000   Number         0  event.o ABSOLUTE
    Source\\flaggroup.c                      0x00000000   Number         0  flaggroup.o ABSOLUTE
    Source\\hooks.c                          0x00000000   Number         0  hooks.o ABSOLUTE
    Source\\main.c                           0x00000000   Number         0  main.o ABSOLUTE
    Source\\memblock.c                       0x00000000   Number         0  memblock.o ABSOLUTE
    Source\\msgbox.c                         0x00000000   Number         0  msgbox.o ABSOLUTE
    Source\\mutex.c                          0x00000000   Number         0  mutex.o ABSOLUTE
    Source\\scheduler.c                      0x00000000   Number         0  scheduler.o ABSOLUTE
    Source\\sem.c                            0x00000000   Number         0  sem.o ABSOLUTE
    Source\\switch.c                         0x00000000   Number         0  switch.o ABSOLUTE
    Source\\task.c                           0x00000000   Number         0  task.o ABSOLUTE
    Source\\time.c                           0x00000000   Number         0  time.o ABSOLUTE
    Source\\timer.c                          0x00000000   Number         0  timer.o ABSOLUTE
    Source\app.c                             0x00000000   Number         0  app.o ABSOLUTE
    Source\bitmap.c                          0x00000000   Number         0  bitmap.o ABSOLUTE
    Source\cpu.c                             0x00000000   Number         0  cpu.o ABSOLUTE
    Source\event.c                           0x00000000   Number         0  event.o ABSOLUTE
    Source\flaggroup.c                       0x00000000   Number         0  flaggroup.o ABSOLUTE
    Source\hooks.c                           0x00000000   Number         0  hooks.o ABSOLUTE
    Source\list.c                            0x00000000   Number         0  list.o ABSOLUTE
    Source\main.c                            0x00000000   Number         0  main.o ABSOLUTE
    Source\memblock.c                        0x00000000   Number         0  memblock.o ABSOLUTE
    Source\msgbox.c                          0x00000000   Number         0  msgbox.o ABSOLUTE
    Source\mutex.c                           0x00000000   Number         0  mutex.o ABSOLUTE
    Source\scheduler.c                       0x00000000   Number         0  scheduler.o ABSOLUTE
    Source\sem.c                             0x00000000   Number         0  sem.o ABSOLUTE
    Source\switch.c                          0x00000000   Number         0  switch.o ABSOLUTE
    Source\task.c                            0x00000000   Number         0  task.o ABSOLUTE
    Source\time.c                            0x00000000   Number         0  time.o ABSOLUTE
    Source\timer.c                           0x00000000   Number         0  timer.o ABSOLUTE
    dc.s                                     0x00000000   Number         0  dc.o ABSOLUTE
    !!!main                                  0x000000c0   Section        8  __main.o(!!!main)
    !!!scatter                               0x000000c8   Section       52  __scatter.o(!!!scatter)
    !!handler_copy                           0x000000fc   Section       26  __scatter_copy.o(!!handler_copy)
    !!handler_zi                             0x00000118   Section       28  __scatter_zi.o(!!handler_zi)
    .ARM.Collect$$libinit$$00000000          0x00000134   Section        2  libinit.o(.ARM.Collect$$libinit$$00000000)
    .ARM.Collect$$libinit$$00000002          0x00000136   Section        0  libinit2.o(.ARM.Collect$$libinit$$00000002)
    .ARM.Collect$$libinit$$00000004          0x00000136   Section        0  libinit2.o(.ARM.Collect$$libinit$$00000004)
    .ARM.Collect$$libinit$$0000000A          0x00000136   Section        0  libinit2.o(.ARM.Collect$$libinit$$0000000A)
    .ARM.Collect$$libinit$$0000000C          0x00000136   Section        0  libinit2.o(.ARM.Collect$$libinit$$0000000C)
    .ARM.Collect$$libinit$$0000000E          0x00000136   Section        0  libinit2.o(.ARM.Collect$$libinit$$0000000E)
    .ARM.Collect$$libinit$$00000011          0x00000136   Section        0  libinit2.o(.ARM.Collect$$libinit$$00000011)
    .ARM.Collect$$libinit$$00000013          0x00000136   Section        0  libinit2.o(.ARM.Collect$$libinit$$00000013)
    .ARM.Collect$$libinit$$00000015          0x00000136   Section        0  libinit2.o(.ARM.Collect$$libinit$$00000015)
    .ARM.Collect$$libinit$$00000017          0x00000136   Section        0  libinit2.o(.ARM.Collect$$libinit$$00000017)
    .ARM.Collect$$libinit$$00000019          0x00000136   Section        0  libinit2.o(.ARM.Collect$$libinit$$00000019)
    .ARM.Collect$$libinit$$0000001B          0x00000136   Section        0  libinit2.o(.ARM.Collect$$libinit$$0000001B)
    .ARM.Collect$$libinit$$0000001D          0x00000136   Section        0  libinit2.o(.ARM.Collect$$libinit$$0000001D)
    .ARM.Collect$$libinit$$0000001F          0x00000136   Section        0  libinit2.o(.ARM.Collect$$libinit$$0000001F)
    .ARM.Collect$$libinit$$00000021          0x00000136   Section        0  libinit2.o(.ARM.Collect$$libinit$$00000021)
    .ARM.Collect$$libinit$$00000023          0x00000136   Section        0  libinit2.o(.ARM.Collect$$libinit$$00000023)
    .ARM.Collect$$libinit$$00000025          0x00000136   Section        0  libinit2.o(.ARM.Collect$$libinit$$00000025)
    .ARM.Collect$$libinit$$0000002C          0x00000136   Section        0  libinit2.o(.ARM.Collect$$libinit$$0000002C)
    .ARM.Collect$$libinit$$0000002E          0x00000136   Section        0  libinit2.o(.ARM.Collect$$libinit$$0000002E)
    .ARM.Collect$$libinit$$00000030          0x00000136   Section        0  libinit2.o(.ARM.Collect$$libinit$$00000030)
    .ARM.Collect$$libinit$$00000032          0x00000136   Section        0  libinit2.o(.ARM.Collect$$libinit$$00000032)
    .ARM.Collect$$libinit$$00000033          0x00000136   Section        2  libinit2.o(.ARM.Collect$$libinit$$00000033)
    .ARM.Collect$$libshutdown$$00000000      0x00000138   Section        2  libshutdown.o(.ARM.Collect$$libshutdown$$00000000)
    .ARM.Collect$$libshutdown$$00000002      0x0000013a   Section        0  libshutdown2.o(.ARM.Collect$$libshutdown$$00000002)
    .ARM.Collect$$libshutdown$$00000004      0x0000013a   Section        0  libshutdown2.o(.ARM.Collect$$libshutdown$$00000004)
    .ARM.Collect$$libshutdown$$00000007      0x0000013a   Section        0  libshutdown2.o(.ARM.Collect$$libshutdown$$00000007)
    .ARM.Collect$$libshutdown$$0000000A      0x0000013a   Section        0  libshutdown2.o(.ARM.Collect$$libshutdown$$0000000A)
    .ARM.Collect$$libshutdown$$0000000C      0x0000013a   Section        0  libshutdown2.o(.ARM.Collect$$libshutdown$$0000000C)
    .ARM.Collect$$libshutdown$$0000000F      0x0000013a   Section        0  libshutdown2.o(.ARM.Collect$$libshutdown$$0000000F)
    .ARM.Collect$$libshutdown$$00000010      0x0000013a   Section        2  libshutdown2.o(.ARM.Collect$$libshutdown$$00000010)
    .ARM.Collect$$rtentry$$00000000          0x0000013c   Section        0  __rtentry.o(.ARM.Collect$$rtentry$$00000000)
    .ARM.Collect$$rtentry$$00000002          0x0000013c   Section        0  __rtentry2.o(.ARM.Collect$$rtentry$$00000002)
    .ARM.Collect$$rtentry$$00000004          0x0000013c   Section        6  __rtentry4.o(.ARM.Collect$$rtentry$$00000004)
    .ARM.Collect$$rtentry$$00000009          0x00000142   Section        0  __rtentry2.o(.ARM.Collect$$rtentry$$00000009)
    .ARM.Collect$$rtentry$$0000000A          0x00000142   Section        4  __rtentry2.o(.ARM.Collect$$rtentry$$0000000A)
    .ARM.Collect$$rtentry$$0000000C          0x00000146   Section        0  __rtentry2.o(.ARM.Collect$$rtentry$$0000000C)
    .ARM.Collect$$rtentry$$0000000D          0x00000146   Section        8  __rtentry2.o(.ARM.Collect$$rtentry$$0000000D)
    .ARM.Collect$$rtexit$$00000000           0x0000014e   Section        2  rtexit.o(.ARM.Collect$$rtexit$$00000000)
    .ARM.Collect$$rtexit$$00000002           0x00000150   Section        0  rtexit2.o(.ARM.Collect$$rtexit$$00000002)
    .ARM.Collect$$rtexit$$00000003           0x00000150   Section        4  rtexit2.o(.ARM.Collect$$rtexit$$00000003)
    .ARM.Collect$$rtexit$$00000004           0x00000154   Section        6  rtexit2.o(.ARM.Collect$$rtexit$$00000004)
    .emb_text                                0x0000015c   Section       48  switch.o(.emb_text)
    .text                                    0x0000018c   Section       64  startup_armcm3.o(.text)
    .text                                    0x000001cc   Section       78  rt_memclr_w.o(.text)
    .text                                    0x0000021a   Section        0  heapauxi.o(.text)
    .text                                    0x00000220   Section       74  sys_stackheap_outer.o(.text)
    .text                                    0x0000026a   Section        0  exit.o(.text)
    .text                                    0x0000027c   Section        8  libspace.o(.text)
    .text                                    0x00000284   Section        0  sys_exit.o(.text)
    .text                                    0x00000290   Section        2  use_no_semi.o(.text)
    .text                                    0x00000292   Section        0  indicate_semi.o(.text)
    i.BitmapClear                            0x00000292   Section        0  bitmap.o(i.BitmapClear)
    i.BitmapGetFirstSet                      0x000002a0   Section        0  bitmap.o(i.BitmapGetFirstSet)
    i.BitmapMaxBit                           0x000002fc   Section        0  bitmap.o(i.BitmapMaxBit)
    i.BitmapSet                              0x00000300   Section        0  bitmap.o(i.BitmapSet)
    i.CheckCpuUsage                          0x0000030c   Section        0  cpu.o(i.CheckCpuUsage)
    i.CpuUsageGet                            0x000003c8   Section        0  cpu.o(i.CpuUsageGet)
    i.CpuUsageSyncWithSysTick                0x000003e4   Section        0  cpu.o(i.CpuUsageSyncWithSysTick)
    i.EventRemoveTask                        0x000003f4   Section        0  event.o(i.EventRemoveTask)
    i.GetHighestReady                        0x0000042c   Section        0  scheduler.o(i.GetHighestReady)
    i.InitApps                               0x00000454   Section        0  app.o(i.InitApps)
    i.InitCpuUseageStat                      0x000004e8   Section        0  cpu.o(i.InitCpuUseageStat)
    i.ListAddLast                            0x00000514   Section        0  list.o(i.ListAddLast)
    i.ListFirst                              0x00000528   Section        0  list.o(i.ListFirst)
    i.ListInit                               0x00000534   Section        0  list.o(i.ListInit)
    i.ListNodeCount                          0x0000053e   Section        0  list.o(i.ListNodeCount)
    i.ListRemove                             0x00000544   Section        0  list.o(i.ListRemove)
    i.ListRemoveFirst                        0x00000558   Section        0  list.o(i.ListRemoveFirst)
    i.NodeInit                               0x00000572   Section        0  list.o(i.NodeInit)
    i.SetSysTickPeriod                       0x00000578   Section        0  cpu.o(i.SetSysTickPeriod)
    i.SysTick_Handler                        0x000005d0   Section        0  cpu.o(i.SysTick_Handler)
    i.SystemInit                             0x000005d8   Section        0  system_armcm3.o(i.SystemInit)
    i.SystemTickInit                         0x000005e8   Section        0  cpu.o(i.SystemTickInit)
    i.TaskDelay                              0x000005f4   Section        0  time.o(i.TaskDelay)
    i.TaskDelayListInit                      0x00000620   Section        0  scheduler.o(i.TaskDelayListInit)
    i.TaskEnterCritical                      0x00000630   Section        0  switch.o(i.TaskEnterCritical)
    i.TaskExitCritical                       0x0000063c   Section        0  switch.o(i.TaskExitCritical)
    i.TaskInit                               0x00000646   Section        0  task.o(i.TaskInit)
    i.TaskRunFisrt                           0x00000728   Section        0  switch.o(i.TaskRunFisrt)
    i.TaskSched                              0x00000744   Section        0  scheduler.o(i.TaskSched)
    i.TaskSchedDisable                       0x00000788   Section        0  scheduler.o(i.TaskSchedDisable)
    i.TaskSchedEnable                        0x000007b0   Section        0  scheduler.o(i.TaskSchedEnable)
    i.TaskSchedInit                          0x000007e0   Section        0  scheduler.o(i.TaskSchedInit)
    i.TaskSchedReady                         0x0000080c   Section        0  scheduler.o(i.TaskSchedReady)
    i.TaskSchedUnReady                       0x00000838   Section        0  scheduler.o(i.TaskSchedUnReady)
    i.TaskSwitch                             0x00000874   Section        0  switch.o(i.TaskSwitch)
    i.TaskSysTick_Handler                    0x00000884   Section        0  cpu.o(i.TaskSysTick_Handler)
    i.TimeTaskWait                           0x00000948   Section        0  scheduler.o(i.TimeTaskWait)
    i.TimeTaskWakeUp                         0x00000968   Section        0  scheduler.o(i.TimeTaskWakeUp)
    i.main                                   0x00000984   Section        0  main.o(i.main)
    i.task1_func                             0x000009c4   Section        0  app.o(i.task1_func)
    i.task2_func                             0x000009ec   Section        0  app.o(i.task2_func)
    i.task3_func                             0x00000a0c   Section        0  app.o(i.task3_func)
    i.task4_func                             0x00000a2c   Section        0  app.o(i.task4_func)
    i.task_idle_func                         0x00000a4c   Section        0  app.o(i.task_idle_func)
    x$fpl$d2f                                0x00000a84   Section       98  d2f.o(x$fpl$d2f)
    x$fpl$dadd                               0x00000ae8   Section      336  daddsub_clz.o(x$fpl$dadd)
    _dadd1                                   0x00000af9   Thumb Code     0  daddsub_clz.o(x$fpl$dadd)
    x$fpl$ddiv                               0x00000c38   Section      688  ddiv.o(x$fpl$ddiv)
    ddiv_entry                               0x00000c3f   Thumb Code     0  ddiv.o(x$fpl$ddiv)
    x$fpl$dfltu                              0x00000ee8   Section       38  dflt_clz.o(x$fpl$dfltu)
    x$fpl$dmul                               0x00000f10   Section      340  dmul.o(x$fpl$dmul)
    x$fpl$dnaninf                            0x00001064   Section      156  dnaninf.o(x$fpl$dnaninf)
    x$fpl$dretinf                            0x00001100   Section       12  dretinf.o(x$fpl$dretinf)
    x$fpl$drsb                               0x0000110c   Section       22  daddsub_clz.o(x$fpl$drsb)
    x$fpl$dsub                               0x00001124   Section      468  daddsub_clz.o(x$fpl$dsub)
    _dsub1                                   0x00001135   Thumb Code     0  daddsub_clz.o(x$fpl$dsub)
    x$fpl$fretinf                            0x000012f8   Section       10  fretinf.o(x$fpl$fretinf)
    .constdata                               0x00001302   Section      256  bitmap.o(.constdata)
    x$fpl$usenofp                            0x00001302   Section        0  usenofp.o(x$fpl$usenofp)
    index_table                              0x00001302   Data         256  bitmap.o(.constdata)
    .data                                    0x20000000   Section       28  app.o(.data)
    .data                                    0x2000001c   Section       24  cpu.o(.data)
    .data                                    0x20000034   Section       13  scheduler.o(.data)
    .data                                    0x20000044   Section        4  system_armcm3.o(.data)
    .bss                                     0x20000048   Section    21428  app.o(.bss)
    .bss                                     0x200053fc   Section      396  scheduler.o(.bss)
    .bss                                     0x20005588   Section       96  libspace.o(.bss)
    HEAP                                     0x200055e8   Section     3072  startup_armcm3.o(HEAP)
    Heap_Mem                                 0x200055e8   Data        3072  startup_armcm3.o(HEAP)
    STACK                                    0x200061e8   Section     1024  startup_armcm3.o(STACK)
    Stack_Mem                                0x200061e8   Data        1024  startup_armcm3.o(STACK)
    __initial_sp                             0x200065e8   Data           0  startup_armcm3.o(STACK)

    Global Symbols

    Symbol Name                              Value     Ov Type        Size  Object(Section)

    BuildAttributes$$THM_ISAv4$P$D$K$B$S$PE$A:L22UL41UL21$X:L11$S22US41US21$IEEE1$IW$USESV6$~STKCKD$USESV7$~SHL$OSPACE$ROPI$EBA8$UX$STANDARDLIB$REQ8$PRES8$EABIv2 0x00000000   Number         0  anon$$obj.o ABSOLUTE
    __ARM_use_no_argv                        0x00000000   Number         0  main.o ABSOLUTE
    __Vectors                                0x00000000   Data           4  startup_armcm3.o(RESET)
    __ARM_exceptions_init                     - Undefined Weak Reference
    __alloca_initialize                       - Undefined Weak Reference
    __arm_preinit_                            - Undefined Weak Reference
    __cpp_initialize__aeabi_                  - Undefined Weak Reference
    __cxa_finalize                            - Undefined Weak Reference
    __rt_locale                               - Undefined Weak Reference
    __sigvec_lookup                           - Undefined Weak Reference
    _atexit_init                              - Undefined Weak Reference
    _call_atexit_fns                          - Undefined Weak Reference
    _clock_init                               - Undefined Weak Reference
    _fp_trap_init                             - Undefined Weak Reference
    _fp_trap_shutdown                         - Undefined Weak Reference
    _get_lc_collate                           - Undefined Weak Reference
    _get_lc_ctype                             - Undefined Weak Reference
    _get_lc_monetary                          - Undefined Weak Reference
    _get_lc_numeric                           - Undefined Weak Reference
    _get_lc_time                              - Undefined Weak Reference
    _getenv_init                              - Undefined Weak Reference
    _handle_redirection                       - Undefined Weak Reference
    _init_alloc                               - Undefined Weak Reference
    _init_user_alloc                          - Undefined Weak Reference
    _initio                                   - Undefined Weak Reference
    _rand_init                                - Undefined Weak Reference
    _signal_finish                            - Undefined Weak Reference
    _signal_init                              - Undefined Weak Reference
    _terminate_alloc                          - Undefined Weak Reference
    _terminate_user_alloc                     - Undefined Weak Reference
    _terminateio                              - Undefined Weak Reference
    __Vectors_End                            0x000000c0   Data           0  startup_armcm3.o(RESET)
    __Vectors_Size                           0x000000c0   Number         0  startup_armcm3.o ABSOLUTE
    __main                                   0x000000c1   Thumb Code     8  __main.o(!!!main)
    __scatterload                            0x000000c9   Thumb Code     0  __scatter.o(!!!scatter)
    __scatterload_rt2                        0x000000c9   Thumb Code    44  __scatter.o(!!!scatter)
    __scatterload_rt2_thumb_only             0x000000c9   Thumb Code     0  __scatter.o(!!!scatter)
    __scatterload_null                       0x000000d7   Thumb Code     0  __scatter.o(!!!scatter)
    __scatterload_copy                       0x000000fd   Thumb Code    26  __scatter_copy.o(!!handler_copy)
    __scatterload_zeroinit                   0x00000119   Thumb Code    28  __scatter_zi.o(!!handler_zi)
    __rt_lib_init                            0x00000135   Thumb Code     0  libinit.o(.ARM.Collect$$libinit$$00000000)
    __rt_lib_init_alloca_1                   0x00000137   Thumb Code     0  libinit2.o(.ARM.Collect$$libinit$$0000002E)
    __rt_lib_init_argv_1                     0x00000137   Thumb Code     0  libinit2.o(.ARM.Collect$$libinit$$0000002C)
    __rt_lib_init_atexit_1                   0x00000137   Thumb Code     0  libinit2.o(.ARM.Collect$$libinit$$0000001B)
    __rt_lib_init_clock_1                    0x00000137   Thumb Code     0  libinit2.o(.ARM.Collect$$libinit$$00000021)
    __rt_lib_init_cpp_1                      0x00000137   Thumb Code     0  libinit2.o(.ARM.Collect$$libinit$$00000032)
    __rt_lib_init_exceptions_1               0x00000137   Thumb Code     0  libinit2.o(.ARM.Collect$$libinit$$00000030)
    __rt_lib_init_fp_1                       0x00000137   Thumb Code     0  libinit2.o(.ARM.Collect$$libinit$$00000002)
    __rt_lib_init_fp_trap_1                  0x00000137   Thumb Code     0  libinit2.o(.ARM.Collect$$libinit$$0000001F)
    __rt_lib_init_getenv_1                   0x00000137   Thumb Code     0  libinit2.o(.ARM.Collect$$libinit$$00000023)
    __rt_lib_init_heap_1                     0x00000137   Thumb Code     0  libinit2.o(.ARM.Collect$$libinit$$0000000A)
    __rt_lib_init_lc_collate_1               0x00000137   Thumb Code     0  libinit2.o(.ARM.Collect$$libinit$$00000011)
    __rt_lib_init_lc_ctype_1                 0x00000137   Thumb Code     0  libinit2.o(.ARM.Collect$$libinit$$00000013)
    __rt_lib_init_lc_monetary_1              0x00000137   Thumb Code     0  libinit2.o(.ARM.Collect$$libinit$$00000015)
    __rt_lib_init_lc_numeric_1               0x00000137   Thumb Code     0  libinit2.o(.ARM.Collect$$libinit$$00000017)
    __rt_lib_init_lc_time_1                  0x00000137   Thumb Code     0  libinit2.o(.ARM.Collect$$libinit$$00000019)
    __rt_lib_init_preinit_1                  0x00000137   Thumb Code     0  libinit2.o(.ARM.Collect$$libinit$$00000004)
    __rt_lib_init_rand_1                     0x00000137   Thumb Code     0  libinit2.o(.ARM.Collect$$libinit$$0000000E)
    __rt_lib_init_return                     0x00000137   Thumb Code     0  libinit2.o(.ARM.Collect$$libinit$$00000033)
    __rt_lib_init_signal_1                   0x00000137   Thumb Code     0  libinit2.o(.ARM.Collect$$libinit$$0000001D)
    __rt_lib_init_stdio_1                    0x00000137   Thumb Code     0  libinit2.o(.ARM.Collect$$libinit$$00000025)
    __rt_lib_init_user_alloc_1               0x00000137   Thumb Code     0  libinit2.o(.ARM.Collect$$libinit$$0000000C)
    __rt_lib_shutdown                        0x00000139   Thumb Code     0  libshutdown.o(.ARM.Collect$$libshutdown$$00000000)
    __rt_lib_shutdown_cpp_1                  0x0000013b   Thumb Code     0  libshutdown2.o(.ARM.Collect$$libshutdown$$00000002)
    __rt_lib_shutdown_fp_trap_1              0x0000013b   Thumb Code     0  libshutdown2.o(.ARM.Collect$$libshutdown$$00000007)
    __rt_lib_shutdown_heap_1                 0x0000013b   Thumb Code     0  libshutdown2.o(.ARM.Collect$$libshutdown$$0000000F)
    __rt_lib_shutdown_return                 0x0000013b   Thumb Code     0  libshutdown2.o(.ARM.Collect$$libshutdown$$00000010)
    __rt_lib_shutdown_signal_1               0x0000013b   Thumb Code     0  libshutdown2.o(.ARM.Collect$$libshutdown$$0000000A)
    __rt_lib_shutdown_stdio_1                0x0000013b   Thumb Code     0  libshutdown2.o(.ARM.Collect$$libshutdown$$00000004)
    __rt_lib_shutdown_user_alloc_1           0x0000013b   Thumb Code     0  libshutdown2.o(.ARM.Collect$$libshutdown$$0000000C)
    __rt_entry                               0x0000013d   Thumb Code     0  __rtentry.o(.ARM.Collect$$rtentry$$00000000)
    __rt_entry_presh_1                       0x0000013d   Thumb Code     0  __rtentry2.o(.ARM.Collect$$rtentry$$00000002)
    __rt_entry_sh                            0x0000013d   Thumb Code     0  __rtentry4.o(.ARM.Collect$$rtentry$$00000004)
    __rt_entry_li                            0x00000143   Thumb Code     0  __rtentry2.o(.ARM.Collect$$rtentry$$0000000A)
    __rt_entry_postsh_1                      0x00000143   Thumb Code     0  __rtentry2.o(.ARM.Collect$$rtentry$$00000009)
    __rt_entry_main                          0x00000147   Thumb Code     0  __rtentry2.o(.ARM.Collect$$rtentry$$0000000D)
    __rt_entry_postli_1                      0x00000147   Thumb Code     0  __rtentry2.o(.ARM.Collect$$rtentry$$0000000C)
    __rt_exit                                0x0000014f   Thumb Code     0  rtexit.o(.ARM.Collect$$rtexit$$00000000)
    __rt_exit_ls                             0x00000151   Thumb Code     0  rtexit2.o(.ARM.Collect$$rtexit$$00000003)
    __rt_exit_prels_1                        0x00000151   Thumb Code     0  rtexit2.o(.ARM.Collect$$rtexit$$00000002)
    __rt_exit_exit                           0x00000155   Thumb Code     0  rtexit2.o(.ARM.Collect$$rtexit$$00000004)
    PendSV_Handler                           0x0000015d   Thumb Code    40  switch.o(.emb_text)
    Reset_Handler                            0x0000018d   Thumb Code     8  startup_armcm3.o(.text)
    NMI_Handler                              0x00000195   Thumb Code     2  startup_armcm3.o(.text)
    HardFault_Handler                        0x00000197   Thumb Code     2  startup_armcm3.o(.text)
    MemManage_Handler                        0x00000199   Thumb Code     2  startup_armcm3.o(.text)
    BusFault_Handler                         0x0000019b   Thumb Code     2  startup_armcm3.o(.text)
    UsageFault_Handler                       0x0000019d   Thumb Code     2  startup_armcm3.o(.text)
    SVC_Handler                              0x0000019f   Thumb Code     2  startup_armcm3.o(.text)
    DebugMon_Handler                         0x000001a1   Thumb Code     2  startup_armcm3.o(.text)
    AACI_IRQHandler                          0x000001a7   Thumb Code     0  startup_armcm3.o(.text)
    CAN_IRQHandler                           0x000001a7   Thumb Code     0  startup_armcm3.o(.text)
    CHLCD_IRQHandler                         0x000001a7   Thumb Code     0  startup_armcm3.o(.text)
    CLCD_IRQHandler                          0x000001a7   Thumb Code     0  startup_armcm3.o(.text)
    CPU_CLCD_IRQHandler                      0x000001a7   Thumb Code     0  startup_armcm3.o(.text)
    ENET_IRQHandler                          0x000001a7   Thumb Code     0  startup_armcm3.o(.text)
    FLEXRAY_IRQHandler                       0x000001a7   Thumb Code     0  startup_armcm3.o(.text)
    I2C_IRQHandler                           0x000001a7   Thumb Code     0  startup_armcm3.o(.text)
    LIN_IRQHandler                           0x000001a7   Thumb Code     0  startup_armcm3.o(.text)
    MCIA_IRQHandler                          0x000001a7   Thumb Code     0  startup_armcm3.o(.text)
    MCIB_IRQHandler                          0x000001a7   Thumb Code     0  startup_armcm3.o(.text)
    RTC_IRQHandler                           0x000001a7   Thumb Code     0  startup_armcm3.o(.text)
    SPI_IRQHandler                           0x000001a7   Thumb Code     0  startup_armcm3.o(.text)
    TIM0_IRQHandler                          0x000001a7   Thumb Code     0  startup_armcm3.o(.text)
    TIM2_IRQHandler                          0x000001a7   Thumb Code     0  startup_armcm3.o(.text)
    UART0_IRQHandler                         0x000001a7   Thumb Code     0  startup_armcm3.o(.text)
    UART1_IRQHandler                         0x000001a7   Thumb Code     0  startup_armcm3.o(.text)
    UART2_IRQHandler                         0x000001a7   Thumb Code     0  startup_armcm3.o(.text)
    UART3_IRQHandler                         0x000001a7   Thumb Code     0  startup_armcm3.o(.text)
    UART4_IRQHandler                         0x000001a7   Thumb Code     0  startup_armcm3.o(.text)
    USBDC_IRQHandler                         0x000001a7   Thumb Code     0  startup_armcm3.o(.text)
    USBHC_IRQHandler                         0x000001a7   Thumb Code     0  startup_armcm3.o(.text)
    WDT_IRQHandler                           0x000001a7   Thumb Code     0  startup_armcm3.o(.text)
    __user_initial_stackheap                 0x000001a9   Thumb Code    10  startup_armcm3.o(.text)
    __aeabi_memclr4                          0x000001cd   Thumb Code     0  rt_memclr_w.o(.text)
    __aeabi_memclr8                          0x000001cd   Thumb Code     0  rt_memclr_w.o(.text)
    __rt_memclr_w                            0x000001cd   Thumb Code    78  rt_memclr_w.o(.text)
    _memset_w                                0x000001d1   Thumb Code     0  rt_memclr_w.o(.text)
    __use_two_region_memory                  0x0000021b   Thumb Code     2  heapauxi.o(.text)
    __rt_heap_escrow$2region                 0x0000021d   Thumb Code     2  heapauxi.o(.text)
    __rt_heap_expand$2region                 0x0000021f   Thumb Code     2  heapauxi.o(.text)
    __user_setup_stackheap                   0x00000221   Thumb Code    74  sys_stackheap_outer.o(.text)
    exit                                     0x0000026b   Thumb Code    18  exit.o(.text)
    __user_libspace                          0x0000027d   Thumb Code     8  libspace.o(.text)
    __user_perproc_libspace                  0x0000027d   Thumb Code     0  libspace.o(.text)
    __user_perthread_libspace                0x0000027d   Thumb Code     0  libspace.o(.text)
    _sys_exit                                0x00000285   Thumb Code     8  sys_exit.o(.text)
    __I$use$semihosting                      0x00000291   Thumb Code     0  use_no_semi.o(.text)
    __use_no_semihosting_swi                 0x00000291   Thumb Code     2  use_no_semi.o(.text)
    BitmapClear                              0x00000293   Thumb Code    12  bitmap.o(i.BitmapClear)
    __semihosting_library_function           0x00000293   Thumb Code     0  indicate_semi.o(.text)
    BitmapGetFirstSet                        0x000002a1   Thumb Code    86  bitmap.o(i.BitmapGetFirstSet)
    BitmapMaxBit                             0x000002fd   Thumb Code     4  bitmap.o(i.BitmapMaxBit)
    BitmapSet                                0x00000301   Thumb Code    12  bitmap.o(i.BitmapSet)
    CheckCpuUsage                            0x0000030d   Thumb Code   158  cpu.o(i.CheckCpuUsage)
    CpuUsageGet                              0x000003c9   Thumb Code    24  cpu.o(i.CpuUsageGet)
    CpuUsageSyncWithSysTick                  0x000003e5   Thumb Code    12  cpu.o(i.CpuUsageSyncWithSysTick)
    EventRemoveTask                          0x000003f5   Thumb Code    54  event.o(i.EventRemoveTask)
    GetHighestReady                          0x0000042d   Thumb Code    32  scheduler.o(i.GetHighestReady)
    InitApps                                 0x00000455   Thumb Code   100  app.o(i.InitApps)
    InitCpuUseageStat                        0x000004e9   Thumb Code    24  cpu.o(i.InitCpuUseageStat)
    ListAddLast                              0x00000515   Thumb Code    20  list.o(i.ListAddLast)
    ListFirst                                0x00000529   Thumb Code    12  list.o(i.ListFirst)
    ListInit                                 0x00000535   Thumb Code    10  list.o(i.ListInit)
    ListNodeCount                            0x0000053f   Thumb Code     6  list.o(i.ListNodeCount)
    ListRemove                               0x00000545   Thumb Code    20  list.o(i.ListRemove)
    ListRemoveFirst                          0x00000559   Thumb Code    26  list.o(i.ListRemoveFirst)
    NodeInit                                 0x00000573   Thumb Code     6  list.o(i.NodeInit)
    SetSysTickPeriod                         0x00000579   Thumb Code    74  cpu.o(i.SetSysTickPeriod)
    SysTick_Handler                          0x000005d1   Thumb Code     8  cpu.o(i.SysTick_Handler)
    SystemInit                               0x000005d9   Thumb Code     8  system_armcm3.o(i.SystemInit)
    SystemTickInit                           0x000005e9   Thumb Code     8  cpu.o(i.SystemTickInit)
    TaskDelay                                0x000005f5   Thumb Code    40  time.o(i.TaskDelay)
    TaskDelayListInit                        0x00000621   Thumb Code    10  scheduler.o(i.TaskDelayListInit)
    TaskEnterCritical                        0x00000631   Thumb Code    12  switch.o(i.TaskEnterCritical)
    TaskExitCritical                         0x0000063d   Thumb Code    10  switch.o(i.TaskExitCritical)
    TaskInit                                 0x00000647   Thumb Code   226  task.o(i.TaskInit)
    TaskRunFisrt                             0x00000729   Thumb Code    24  switch.o(i.TaskRunFisrt)
    TaskSched                                0x00000745   Thumb Code    56  scheduler.o(i.TaskSched)
    TaskSchedDisable                         0x00000789   Thumb Code    34  scheduler.o(i.TaskSchedDisable)
    TaskSchedEnable                          0x000007b1   Thumb Code    42  scheduler.o(i.TaskSchedEnable)
    TaskSchedInit                            0x000007e1   Thumb Code    34  scheduler.o(i.TaskSchedInit)
    TaskSchedReady                           0x0000080d   Thumb Code    34  scheduler.o(i.TaskSchedReady)
    TaskSchedUnReady                         0x00000839   Thumb Code    52  scheduler.o(i.TaskSchedUnReady)
    TaskSwitch                               0x00000875   Thumb Code    10  switch.o(i.TaskSwitch)
    TaskSysTick_Handler                      0x00000885   Thumb Code   178  cpu.o(i.TaskSysTick_Handler)
    TimeTaskWait                             0x00000949   Thumb Code    28  scheduler.o(i.TimeTaskWait)
    TimeTaskWakeUp                           0x00000969   Thumb Code    24  scheduler.o(i.TimeTaskWakeUp)
    main                                     0x00000985   Thumb Code    48  main.o(i.main)
    task1_func                               0x000009c5   Thumb Code    34  app.o(i.task1_func)
    task2_func                               0x000009ed   Thumb Code    28  app.o(i.task2_func)
    task3_func                               0x00000a0d   Thumb Code    28  app.o(i.task3_func)
    task4_func                               0x00000a2d   Thumb Code    28  app.o(i.task4_func)
    task_idle_func                           0x00000a4d   Thumb Code    52  app.o(i.task_idle_func)
    __aeabi_d2f                              0x00000a85   Thumb Code     0  d2f.o(x$fpl$d2f)
    _d2f                                     0x00000a85   Thumb Code    98  d2f.o(x$fpl$d2f)
    __aeabi_dadd                             0x00000ae9   Thumb Code     0  daddsub_clz.o(x$fpl$dadd)
    _dadd                                    0x00000ae9   Thumb Code   332  daddsub_clz.o(x$fpl$dadd)
    __aeabi_ddiv                             0x00000c39   Thumb Code     0  ddiv.o(x$fpl$ddiv)
    _ddiv                                    0x00000c39   Thumb Code   552  ddiv.o(x$fpl$ddiv)
    __aeabi_ui2d                             0x00000ee9   Thumb Code     0  dflt_clz.o(x$fpl$dfltu)
    _dfltu                                   0x00000ee9   Thumb Code    38  dflt_clz.o(x$fpl$dfltu)
    __aeabi_dmul                             0x00000f11   Thumb Code     0  dmul.o(x$fpl$dmul)
    _dmul                                    0x00000f11   Thumb Code   332  dmul.o(x$fpl$dmul)
    __fpl_dnaninf                            0x00001065   Thumb Code   156  dnaninf.o(x$fpl$dnaninf)
    __fpl_dretinf                            0x00001101   Thumb Code    12  dretinf.o(x$fpl$dretinf)
    __aeabi_drsub                            0x0000110d   Thumb Code     0  daddsub_clz.o(x$fpl$drsb)
    _drsb                                    0x0000110d   Thumb Code    22  daddsub_clz.o(x$fpl$drsb)
    __aeabi_dsub                             0x00001125   Thumb Code     0  daddsub_clz.o(x$fpl$dsub)
    _dsub                                    0x00001125   Thumb Code   464  daddsub_clz.o(x$fpl$dsub)
    __fpl_fretinf                            0x000012f9   Thumb Code    10  fretinf.o(x$fpl$fretinf)
    __I$use$fp                               0x00001302   Number         0  usenofp.o(x$fpl$usenofp)
    Region$$Table$$Base                      0x00001404   Number         0  anon$$obj.o(Region$$Table)
    Region$$Table$$Limit                     0x00001424   Number         0  anon$$obj.o(Region$$Table)
    gTask1_Flag                              0x20000000   Data           4  app.o(.data)
    gTask2_Flag                              0x20000004   Data           4  app.o(.data)
    gTask3_Flag                              0x20000008   Data           4  app.o(.data)
    gTask4_Flag                              0x2000000c   Data           4  app.o(.data)
    bit1                                     0x20000010   Data           4  app.o(.data)
    bit2                                     0x20000014   Data           4  app.o(.data)
    bit3                                     0x20000018   Data           4  app.o(.data)
    gTickCount                               0x2000001c   Data           4  cpu.o(.data)
    gIdleCount                               0x20000020   Data           4  cpu.o(.data)
    gIdleMaxCount                            0x20000024   Data           4  cpu.o(.data)
    gIdleMaxCalculated                       0x20000028   Data           4  cpu.o(.data)
    gCpuUsage                                0x2000002c   Data           4  cpu.o(.data)
    gEnableCpuUsageStat                      0x20000030   Data           4  cpu.o(.data)
    gTaskPrioBitmap                          0x20000034   Data           4  scheduler.o(.data)
    gCurrentTask                             0x20000038   Data           4  scheduler.o(.data)
    gNextTask                                0x2000003c   Data           4  scheduler.o(.data)
    gSchedLockCount                          0x20000040   Data           1  scheduler.o(.data)
    SystemCoreClock                          0x20000044   Data           4  system_armcm3.o(.data)
    gTask1                                   0x20000048   Data          80  app.o(.bss)
    gTask2                                   0x20000098   Data          80  app.o(.bss)
    gTask3                                   0x200000e8   Data          80  app.o(.bss)
    gTask4                                   0x20000138   Data          80  app.o(.bss)
    gTask1_Stack                             0x20000188   Data        4096  app.o(.bss)
    gTask2_Stack                             0x20001188   Data        4096  app.o(.bss)
    gTask3_Stack                             0x20002188   Data        4096  app.o(.bss)
    gTask4_Stack                             0x20003188   Data        4096  app.o(.bss)
    gTaskIdle                                0x20004188   Data          80  app.o(.bss)
    gTaskIdle_Stack                          0x200041d8   Data        4096  app.o(.bss)
    gEventWaitTimeout                        0x200051d8   Data          16  app.o(.bss)
    gEventWaitNormal                         0x200051e8   Data          16  app.o(.bss)
    gSem1                                    0x200051f8   Data          24  app.o(.bss)
    gSem2                                    0x20005210   Data          24  app.o(.bss)
    gMsgBox1                                 0x20005228   Data          36  app.o(.bss)
    gMsgBox2                                 0x2000524c   Data          36  app.o(.bss)
    gMBox1_MsgBuffer                         0x20005270   Data          80  app.o(.bss)
    gMBox2_MsgBuffer                         0x200052c0   Data          80  app.o(.bss)
    gMsg                                     0x20005310   Data          80  app.o(.bss)
    gFlagGroup                               0x20005360   Data          20  app.o(.bss)
    gMutex                                   0x20005374   Data          28  app.o(.bss)
    timer1                                   0x20005390   Data          36  app.o(.bss)
    timer2                                   0x200053b4   Data          36  app.o(.bss)
    timer3                                   0x200053d8   Data          36  app.o(.bss)
    gTaskTable                               0x200053fc   Data         384  scheduler.o(.bss)
    gTaskDelayList                           0x2000557c   Data          12  scheduler.o(.bss)
    __libspace_start                         0x20005588   Data          96  libspace.o(.bss)
    __temporary_stack_top$libspace           0x200055e8   Data           0  libspace.o(.bss)



==============================================================================

Memory Map of the image

  Image Entry point : 0x000000c1

  Load Region LR_IROM1 (Base: 0x00000000, Size: 0x0000146c, Max: 0x00040000, ABSOLUTE)

    Execution Region ER_IROM1 (Base: 0x00000000, Size: 0x00001424, Max: 0x00040000, ABSOLUTE)

    Base Addr    Size         Type   Attr      Idx    E Section Name        Object

    0x00000000   0x000000c0   Data   RO          791    RESET               startup_armcm3.o
    0x000000c0   0x00000008   Code   RO          838  * !!!main             c_w.l(__main.o)
    0x000000c8   0x00000034   Code   RO         1022    !!!scatter          c_w.l(__scatter.o)
    0x000000fc   0x0000001a   Code   RO         1024    !!handler_copy      c_w.l(__scatter_copy.o)
    0x00000116   0x00000002   PAD
    0x00000118   0x0000001c   Code   RO         1026    !!handler_zi        c_w.l(__scatter_zi.o)
    0x00000134   0x00000002   Code   RO          892    .ARM.Collect$$libinit$$00000000  c_w.l(libinit.o)
    0x00000136   0x00000000   Code   RO          899    .ARM.Collect$$libinit$$00000002  c_w.l(libinit2.o)
    0x00000136   0x00000000   Code   RO          901    .ARM.Collect$$libinit$$00000004  c_w.l(libinit2.o)
    0x00000136   0x00000000   Code   RO          904    .ARM.Collect$$libinit$$0000000A  c_w.l(libinit2.o)
    0x00000136   0x00000000   Code   RO          906    .ARM.Collect$$libinit$$0000000C  c_w.l(libinit2.o)
    0x00000136   0x00000000   Code   RO          908    .ARM.Collect$$libinit$$0000000E  c_w.l(libinit2.o)
    0x00000136   0x00000000   Code   RO          911    .ARM.Collect$$libinit$$00000011  c_w.l(libinit2.o)
    0x00000136   0x00000000   Code   RO          913    .ARM.Collect$$libinit$$00000013  c_w.l(libinit2.o)
    0x00000136   0x00000000   Code   RO          915    .ARM.Collect$$libinit$$00000015  c_w.l(libinit2.o)
    0x00000136   0x00000000   Code   RO          917    .ARM.Collect$$libinit$$00000017  c_w.l(libinit2.o)
    0x00000136   0x00000000   Code   RO          919    .ARM.Collect$$libinit$$00000019  c_w.l(libinit2.o)
    0x00000136   0x00000000   Code   RO          921    .ARM.Collect$$libinit$$0000001B  c_w.l(libinit2.o)
    0x00000136   0x00000000   Code   RO          923    .ARM.Collect$$libinit$$0000001D  c_w.l(libinit2.o)
    0x00000136   0x00000000   Code   RO          925    .ARM.Collect$$libinit$$0000001F  c_w.l(libinit2.o)
    0x00000136   0x00000000   Code   RO          927    .ARM.Collect$$libinit$$00000021  c_w.l(libinit2.o)
    0x00000136   0x00000000   Code   RO          929    .ARM.Collect$$libinit$$00000023  c_w.l(libinit2.o)
    0x00000136   0x00000000   Code   RO          931    .ARM.Collect$$libinit$$00000025  c_w.l(libinit2.o)
    0x00000136   0x00000000   Code   RO          935    .ARM.Collect$$libinit$$0000002C  c_w.l(libinit2.o)
    0x00000136   0x00000000   Code   RO          937    .ARM.Collect$$libinit$$0000002E  c_w.l(libinit2.o)
    0x00000136   0x00000000   Code   RO          939    .ARM.Collect$$libinit$$00000030  c_w.l(libinit2.o)
    0x00000136   0x00000000   Code   RO          941    .ARM.Collect$$libinit$$00000032  c_w.l(libinit2.o)
    0x00000136   0x00000002   Code   RO          942    .ARM.Collect$$libinit$$00000033  c_w.l(libinit2.o)
    0x00000138   0x00000002   Code   RO          962    .ARM.Collect$$libshutdown$$00000000  c_w.l(libshutdown.o)
    0x0000013a   0x00000000   Code   RO          975    .ARM.Collect$$libshutdown$$00000002  c_w.l(libshutdown2.o)
    0x0000013a   0x00000000   Code   RO          977    .ARM.Collect$$libshutdown$$00000004  c_w.l(libshutdown2.o)
    0x0000013a   0x00000000   Code   RO          980    .ARM.Collect$$libshutdown$$00000007  c_w.l(libshutdown2.o)
    0x0000013a   0x00000000   Code   RO          983    .ARM.Collect$$libshutdown$$0000000A  c_w.l(libshutdown2.o)
    0x0000013a   0x00000000   Code   RO          985    .ARM.Collect$$libshutdown$$0000000C  c_w.l(libshutdown2.o)
    0x0000013a   0x00000000   Code   RO          988    .ARM.Collect$$libshutdown$$0000000F  c_w.l(libshutdown2.o)
    0x0000013a   0x00000002   Code   RO          989    .ARM.Collect$$libshutdown$$00000010  c_w.l(libshutdown2.o)
    0x0000013c   0x00000000   Code   RO          860    .ARM.Collect$$rtentry$$00000000  c_w.l(__rtentry.o)
    0x0000013c   0x00000000   Code   RO          869    .ARM.Collect$$rtentry$$00000002  c_w.l(__rtentry2.o)
    0x0000013c   0x00000006   Code   RO          881    .ARM.Collect$$rtentry$$00000004  c_w.l(__rtentry4.o)
    0x00000142   0x00000000   Code   RO          871    .ARM.Collect$$rtentry$$00000009  c_w.l(__rtentry2.o)
    0x00000142   0x00000004   Code   RO          872    .ARM.Collect$$rtentry$$0000000A  c_w.l(__rtentry2.o)
    0x00000146   0x00000000   Code   RO          874    .ARM.Collect$$rtentry$$0000000C  c_w.l(__rtentry2.o)
    0x00000146   0x00000008   Code   RO          875    .ARM.Collect$$rtentry$$0000000D  c_w.l(__rtentry2.o)
    0x0000014e   0x00000002   Code   RO          896    .ARM.Collect$$rtexit$$00000000  c_w.l(rtexit.o)
    0x00000150   0x00000000   Code   RO          944    .ARM.Collect$$rtexit$$00000002  c_w.l(rtexit2.o)
    0x00000150   0x00000004   Code   RO          945    .ARM.Collect$$rtexit$$00000003  c_w.l(rtexit2.o)
    0x00000154   0x00000006   Code   RO          946    .ARM.Collect$$rtexit$$00000004  c_w.l(rtexit2.o)
    0x0000015a   0x00000002   PAD
    0x0000015c   0x00000030   Code   RO           92    .emb_text           switch.o
    0x0000018c   0x00000040   Code   RO          792    .text               startup_armcm3.o
    0x000001cc   0x0000004e   Code   RO          834    .text               c_w.l(rt_memclr_w.o)
    0x0000021a   0x00000006   Code   RO          836    .text               c_w.l(heapauxi.o)
    0x00000220   0x0000004a   Code   RO          883    .text               c_w.l(sys_stackheap_outer.o)
    0x0000026a   0x00000012   Code   RO          885    .text               c_w.l(exit.o)
    0x0000027c   0x00000008   Code   RO          893    .text               c_w.l(libspace.o)
    0x00000284   0x0000000c   Code   RO          954    .text               c_w.l(sys_exit.o)
    0x00000290   0x00000002   Code   RO          965    .text               c_w.l(use_no_semi.o)
    0x00000292   0x00000000   Code   RO          967    .text               c_w.l(indicate_semi.o)
    0x00000292   0x0000000c   Code   RO          290    i.BitmapClear       bitmap.o
    0x0000029e   0x00000002   PAD
    0x000002a0   0x0000005c   Code   RO          291    i.BitmapGetFirstSet  bitmap.o
    0x000002fc   0x00000004   Code   RO          293    i.BitmapMaxBit      bitmap.o
    0x00000300   0x0000000c   Code   RO          294    i.BitmapSet         bitmap.o
    0x0000030c   0x000000bc   Code   RO          330    i.CheckCpuUsage     cpu.o
    0x000003c8   0x0000001c   Code   RO          331    i.CpuUsageGet       cpu.o
    0x000003e4   0x00000010   Code   RO          332    i.CpuUsageSyncWithSysTick  cpu.o
    0x000003f4   0x00000036   Code   RO          536    i.EventRemoveTask   event.o
    0x0000042a   0x00000002   PAD
    0x0000042c   0x00000028   Code   RO          407    i.GetHighestReady   scheduler.o
    0x00000454   0x00000094   Code   RO          231    i.InitApps          app.o
    0x000004e8   0x0000002c   Code   RO          333    i.InitCpuUseageStat  cpu.o
    0x00000514   0x00000014   Code   RO          139    i.ListAddLast       list.o
    0x00000528   0x0000000c   Code   RO          140    i.ListFirst         list.o
    0x00000534   0x0000000a   Code   RO          141    i.ListInit          list.o
    0x0000053e   0x00000006   Code   RO          145    i.ListNodeCount     list.o
    0x00000544   0x00000014   Code   RO          148    i.ListRemove        list.o
    0x00000558   0x0000001a   Code   RO          150    i.ListRemoveFirst   list.o
    0x00000572   0x00000006   Code   RO          151    i.NodeInit          list.o
    0x00000578   0x00000058   Code   RO          334    i.SetSysTickPeriod  cpu.o
    0x000005d0   0x00000008   Code   RO          335    i.SysTick_Handler   cpu.o
    0x000005d8   0x00000010   Code   RO          800    i.SystemInit        system_armcm3.o
    0x000005e8   0x0000000c   Code   RO          336    i.SystemTickInit    cpu.o
    0x000005f4   0x0000002c   Code   RO          505    i.TaskDelay         time.o
    0x00000620   0x00000010   Code   RO          408    i.TaskDelayListInit  scheduler.o
    0x00000630   0x0000000c   Code   RO           93    i.TaskEnterCritical  switch.o
    0x0000063c   0x0000000a   Code   RO           94    i.TaskExitCritical  switch.o
    0x00000646   0x000000e2   Code   RO          723    i.TaskInit          task.o
    0x00000728   0x0000001c   Code   RO           95    i.TaskRunFisrt      switch.o
    0x00000744   0x00000044   Code   RO          409    i.TaskSched         scheduler.o
    0x00000788   0x00000028   Code   RO          410    i.TaskSchedDisable  scheduler.o
    0x000007b0   0x00000030   Code   RO          411    i.TaskSchedEnable   scheduler.o
    0x000007e0   0x0000002c   Code   RO          412    i.TaskSchedInit     scheduler.o
    0x0000080c   0x0000002c   Code   RO          413    i.TaskSchedReady    scheduler.o
    0x00000838   0x0000003c   Code   RO          415    i.TaskSchedUnReady  scheduler.o
    0x00000874   0x00000010   Code   RO           96    i.TaskSwitch        switch.o
    0x00000884   0x000000c4   Code   RO          337    i.TaskSysTick_Handler  cpu.o
    0x00000948   0x00000020   Code   RO          417    i.TimeTaskWait      scheduler.o
    0x00000968   0x0000001c   Code   RO          418    i.TimeTaskWakeUp    scheduler.o
    0x00000984   0x00000040   Code   RO            4    i.main              main.o
    0x000009c4   0x00000028   Code   RO          232    i.task1_func        app.o
    0x000009ec   0x00000020   Code   RO          233    i.task2_func        app.o
    0x00000a0c   0x00000020   Code   RO          234    i.task3_func        app.o
    0x00000a2c   0x00000020   Code   RO          235    i.task4_func        app.o
    0x00000a4c   0x00000038   Code   RO          236    i.task_idle_func    app.o
    0x00000a84   0x00000062   Code   RO          840    x$fpl$d2f           fz_ws.l(d2f.o)
    0x00000ae6   0x00000002   PAD
    0x00000ae8   0x00000150   Code   RO          842    x$fpl$dadd          fz_ws.l(daddsub_clz.o)
    0x00000c38   0x000002b0   Code   RO          849    x$fpl$ddiv          fz_ws.l(ddiv.o)
    0x00000ee8   0x00000026   Code   RO          852    x$fpl$dfltu         fz_ws.l(dflt_clz.o)
    0x00000f0e   0x00000002   PAD
    0x00000f10   0x00000154   Code   RO          858    x$fpl$dmul          fz_ws.l(dmul.o)
    0x00001064   0x0000009c   Code   RO          861    x$fpl$dnaninf       fz_ws.l(dnaninf.o)
    0x00001100   0x0000000c   Code   RO          863    x$fpl$dretinf       fz_ws.l(dretinf.o)
    0x0000110c   0x00000016   Code   RO          843    x$fpl$drsb          fz_ws.l(daddsub_clz.o)
    0x00001122   0x00000002   PAD
    0x00001124   0x000001d4   Code   RO          844    x$fpl$dsub          fz_ws.l(daddsub_clz.o)
    0x000012f8   0x0000000a   Code   RO          865    x$fpl$fretinf       fz_ws.l(fretinf.o)
    0x00001302   0x00000000   Code   RO          867    x$fpl$usenofp       fz_ws.l(usenofp.o)
    0x00001302   0x00000100   Data   RO          295    .constdata          bitmap.o
    0x00001402   0x00000002   PAD
    0x00001404   0x00000020   Data   RO         1020    Region$$Table       anon$$obj.o


    Execution Region RW_IRAM1 (Base: 0x20000000, Size: 0x000065e8, Max: 0x00020000, ABSOLUTE)

    Base Addr    Size         Type   Attr      Idx    E Section Name        Object

    0x20000000   0x0000001c   Data   RW          238    .data               app.o
    0x2000001c   0x00000018   Data   RW          338    .data               cpu.o
    0x20000034   0x0000000d   Data   RW          420    .data               scheduler.o
    0x20000041   0x00000003   PAD
    0x20000044   0x00000004   Data   RW          801    .data               system_armcm3.o
    0x20000048   0x000053b4   Zero   RW          237    .bss                app.o
    0x200053fc   0x0000018c   Zero   RW          419    .bss                scheduler.o
    0x20005588   0x00000060   Zero   RW          894    .bss                c_w.l(libspace.o)
    0x200055e8   0x00000c00   Zero   RW          790    HEAP                startup_armcm3.o
    0x200061e8   0x00000400   Zero   RW          789    STACK               startup_armcm3.o


==============================================================================

Image component sizes


      Code (inc. data)   RO Data    RW Data    ZI Data      Debug   Object Name

       340         70          0         28      21428       4614   app.o
       120          6        256          0          0       2189   bitmap.o
       580         94          0         24          0      31166   cpu.o
        54          0          0          0          0        898   event.o
       100          0          0          0          0       3451   list.o
        64         16          0          0          0      13175   main.o
       420         74          0         13        396       5606   scheduler.o
        64         26        192          0       4096        840   startup_armcm3.o
       114         18          0          0          0       5479   switch.o
        16          8          0          4          0        663   system_armcm3.o
       226          0          0          0          0       1103   task.o
        44          4          0          0          0        508   time.o

    ----------------------------------------------------------------------
      2146        316        482         72      25920      69692   Object Totals
         0          0         32          0          0          0   (incl. Generated)
         4          0          2          3          0          0   (incl. Padding)

    ----------------------------------------------------------------------

      Code (inc. data)   RO Data    RW Data    ZI Data      Debug   Library Member Name

         8          0          0          0          0         68   __main.o
         0          0          0          0          0          0   __rtentry.o
        12          0          0          0          0          0   __rtentry2.o
         6          0          0          0          0          0   __rtentry4.o
        52          8          0          0          0          0   __scatter.o
        26          0          0          0          0          0   __scatter_copy.o
        28          0          0          0          0          0   __scatter_zi.o
        18          0          0          0          0         80   exit.o
         6          0          0          0          0        152   heapauxi.o
         0          0          0          0          0          0   indicate_semi.o
         2          0          0          0          0          0   libinit.o
         2          0          0          0          0          0   libinit2.o
         2          0          0          0          0          0   libshutdown.o
         2          0          0          0          0          0   libshutdown2.o
         8          4          0          0         96         68   libspace.o
        78          0          0          0          0         80   rt_memclr_w.o
         2          0          0          0          0          0   rtexit.o
        10          0          0          0          0          0   rtexit2.o
        12          4          0          0          0         68   sys_exit.o
        74          0          0          0          0         80   sys_stackheap_outer.o
         2          0          0          0          0         68   use_no_semi.o
        98          4          0          0          0         92   d2f.o
       826         16          0          0          0        348   daddsub_clz.o
       688        140          0          0          0        208   ddiv.o
        38          0          0          0          0         68   dflt_clz.o
       340         12          0          0          0        104   dmul.o
       156          4          0          0          0         92   dnaninf.o
        12          0          0          0          0         68   dretinf.o
        10          0          0          0          0         68   fretinf.o
         0          0          0          0          0          0   usenofp.o

    ----------------------------------------------------------------------
      2528        192          0          0         96       1712   Library Totals
        10          0          0          0          0          0   (incl. Padding)

    ----------------------------------------------------------------------

      Code (inc. data)   RO Data    RW Data    ZI Data      Debug   Library Name

       350         16          0          0         96        664   c_w.l
      2168        176          0          0          0       1048   fz_ws.l

    ----------------------------------------------------------------------
      2528        192          0          0         96       1712   Library Totals

    ----------------------------------------------------------------------

==============================================================================


      Code (inc. data)   RO Data    RW Data    ZI Data      Debug   

      4674        508        482         72      26016      68540   Grand Totals
      4674        508        482         72      26016      68540   ELF Image Totals
      4674        508        482         72          0          0   ROM Totals

==============================================================================

    Total RO  Size (Code + RO Data)                 5156 (   5.04kB)
    Total RW  Size (RW Data + ZI Data)             26088 (  25.48kB)
    Total ROM Size (Code + RO Data + RW Data)       5228 (   5.11kB)

==============================================================================

