Component: ARM Compiler 5.06 update 4 (build 422) Tool: armlink [4d35d2]

==============================================================================

Section Cross References

    main.o(i.main) refers to scheduler.o(i.TaskSchedInit) for TaskSchedInit
    main.o(i.main) refers to scheduler.o(i.TaskDelayListInit) for TaskDelayListInit
    main.o(i.main) refers to app.o(i.InitApps) for InitApps
    main.o(i.main) refers to scheduler.o(i.GetHighestReady) for GetHighestReady
    main.o(i.main) refers to cpu.o(i.SetSysTickPeriod) for SetSysTickPeriod
    main.o(i.main) refers to switch.o(i.TaskRunFisrt) for TaskRunFisrt
    main.o(i.main) refers to scheduler.o(.data) for gNextTask
    switch.o(.emb_text) refers to scheduler.o(.data) for gCurrentTask
    app.o(i.InitApps) refers to task.o(i.TaskInit) for TaskInit
    app.o(i.InitApps) refers to app.o(.bss) for gTask1_Stack
    app.o(i.InitApps) refers to app.o(i.task1_func) for task1_func
    app.o(i.InitApps) refers to app.o(i.task2_func) for task2_func
    app.o(i.InitApps) refers to app.o(i.task3_func) for task3_func
    app.o(i.InitApps) refers to app.o(i.task4_func) for task4_func
    app.o(i.InitApps) refers to app.o(i.task_idle_func) for task_idle_func
    app.o(i.Task1CleanFunc) refers to app.o(.data) for gTask1_Flag
    app.o(i.Task3CleanFunc) refers to app.o(.data) for gTask3_Flag
    app.o(i.task1_func) refers to task.o(i.TaskSetCleanFunc) for TaskSetCleanFunc
    app.o(i.task1_func) refers to time.o(i.TaskDelay) for TaskDelay
    app.o(i.task1_func) refers to app.o(i.Task1CleanFunc) for Task1CleanFunc
    app.o(i.task1_func) refers to scheduler.o(.data) for gCurrentTask
    app.o(i.task1_func) refers to app.o(.data) for gTask1_Flag
    app.o(i.task2_func) refers to time.o(i.TaskDelay) for TaskDelay
    app.o(i.task2_func) refers to task.o(i.TaskForceDelete) for TaskForceDelete
    app.o(i.task2_func) refers to app.o(.data) for gTask2_Flag
    app.o(i.task2_func) refers to app.o(.bss) for gTask1
    app.o(i.task3_func) refers to task.o(i.TaskIsRequestDelete) for TaskIsRequestDelete
    app.o(i.task3_func) refers to task.o(i.TaskDeleteSelf) for TaskDeleteSelf
    app.o(i.task3_func) refers to time.o(i.TaskDelay) for TaskDelay
    app.o(i.task3_func) refers to scheduler.o(.data) for gCurrentTask
    app.o(i.task3_func) refers to app.o(.data) for gTask3_Flag
    app.o(i.task4_func) refers to time.o(i.TaskDelay) for TaskDelay
    app.o(i.task4_func) refers to task.o(i.TaskRequestDelete) for TaskRequestDelete
    app.o(i.task4_func) refers to app.o(.data) for gTask4_Flag
    app.o(i.task4_func) refers to app.o(.bss) for gTask3
    bitmap.o(i.BitmapGetFirstSet) refers to bitmap.o(i.BitmapMaxBit) for BitmapMaxBit
    bitmap.o(i.BitmapGetFirstSet) refers to bitmap.o(.constdata) for index_table
    cpu.o(i.SetSysTickPeriod) refers to system_armcm3.o(.data) for SystemCoreClock
    cpu.o(i.SysTick_Handler) refers to cpu.o(i.TaskSysTick_Handler) for TaskSysTick_Handler
    cpu.o(i.TaskSysTick_Handler) refers to switch.o(i.TaskEnterCritical) for TaskEnterCritical
    cpu.o(i.TaskSysTick_Handler) refers to scheduler.o(i.TimeTaskWakeUp) for TimeTaskWakeUp
    cpu.o(i.TaskSysTick_Handler) refers to scheduler.o(i.TaskSchedReady) for TaskSchedReady
    cpu.o(i.TaskSysTick_Handler) refers to list.o(i.ListNodeCount) for ListNodeCount
    cpu.o(i.TaskSysTick_Handler) refers to list.o(i.ListRemoveFirst) for ListRemoveFirst
    cpu.o(i.TaskSysTick_Handler) refers to list.o(i.ListAddLast) for ListAddLast
    cpu.o(i.TaskSysTick_Handler) refers to switch.o(i.TaskExitCritical) for TaskExitCritical
    cpu.o(i.TaskSysTick_Handler) refers to scheduler.o(i.TaskSched) for TaskSched
    cpu.o(i.TaskSysTick_Handler) refers to scheduler.o(.bss) for gTaskDelayList
    cpu.o(i.TaskSysTick_Handler) refers to scheduler.o(.data) for gCurrentTask
    scheduler.o(i.GetHighestReady) refers to bitmap.o(i.BitmapGetFirstSet) for BitmapGetFirstSet
    scheduler.o(i.GetHighestReady) refers to list.o(i.ListFirst) for ListFirst
    scheduler.o(i.GetHighestReady) refers to scheduler.o(.data) for gTaskPrioBitmap
    scheduler.o(i.GetHighestReady) refers to scheduler.o(.bss) for gTaskTable
    scheduler.o(i.TaskDelayListInit) refers to list.o(i.ListInit) for ListInit
    scheduler.o(i.TaskDelayListInit) refers to scheduler.o(.bss) for gTaskDelayList
    scheduler.o(i.TaskSched) refers to switch.o(i.TaskEnterCritical) for TaskEnterCritical
    scheduler.o(i.TaskSched) refers to switch.o(i.TaskExitCritical) for TaskExitCritical
    scheduler.o(i.TaskSched) refers to scheduler.o(i.GetHighestReady) for GetHighestReady
    scheduler.o(i.TaskSched) refers to switch.o(i.TaskSwitch) for TaskSwitch
    scheduler.o(i.TaskSched) refers to scheduler.o(.data) for gSchedLockCount
    scheduler.o(i.TaskSchedDisable) refers to switch.o(i.TaskEnterCritical) for TaskEnterCritical
    scheduler.o(i.TaskSchedDisable) refers to switch.o(i.TaskExitCritical) for TaskExitCritical
    scheduler.o(i.TaskSchedDisable) refers to scheduler.o(.data) for gSchedLockCount
    scheduler.o(i.TaskSchedEnable) refers to switch.o(i.TaskEnterCritical) for TaskEnterCritical
    scheduler.o(i.TaskSchedEnable) refers to scheduler.o(i.TaskSched) for TaskSched
    scheduler.o(i.TaskSchedEnable) refers to switch.o(i.TaskExitCritical) for TaskExitCritical
    scheduler.o(i.TaskSchedEnable) refers to scheduler.o(.data) for gSchedLockCount
    scheduler.o(i.TaskSchedInit) refers to list.o(i.ListInit) for ListInit
    scheduler.o(i.TaskSchedInit) refers to scheduler.o(.data) for gSchedLockCount
    scheduler.o(i.TaskSchedInit) refers to scheduler.o(.bss) for gTaskTable
    scheduler.o(i.TaskSchedReady) refers to list.o(i.ListAddLast) for ListAddLast
    scheduler.o(i.TaskSchedReady) refers to bitmap.o(i.BitmapSet) for BitmapSet
    scheduler.o(i.TaskSchedReady) refers to scheduler.o(.bss) for gTaskTable
    scheduler.o(i.TaskSchedReady) refers to scheduler.o(.data) for gTaskPrioBitmap
    scheduler.o(i.TaskSchedRemove) refers to list.o(i.ListRemove) for ListRemove
    scheduler.o(i.TaskSchedRemove) refers to list.o(i.ListNodeCount) for ListNodeCount
    scheduler.o(i.TaskSchedRemove) refers to bitmap.o(i.BitmapClear) for BitmapClear
    scheduler.o(i.TaskSchedRemove) refers to scheduler.o(.bss) for gTaskTable
    scheduler.o(i.TaskSchedRemove) refers to scheduler.o(.data) for gTaskPrioBitmap
    scheduler.o(i.TaskSchedUnReady) refers to list.o(i.ListRemove) for ListRemove
    scheduler.o(i.TaskSchedUnReady) refers to list.o(i.ListNodeCount) for ListNodeCount
    scheduler.o(i.TaskSchedUnReady) refers to bitmap.o(i.BitmapClear) for BitmapClear
    scheduler.o(i.TaskSchedUnReady) refers to scheduler.o(.bss) for gTaskTable
    scheduler.o(i.TaskSchedUnReady) refers to scheduler.o(.data) for gTaskPrioBitmap
    scheduler.o(i.TimeTaskRemove) refers to list.o(i.ListRemove) for ListRemove
    scheduler.o(i.TimeTaskRemove) refers to scheduler.o(.bss) for gTaskDelayList
    scheduler.o(i.TimeTaskWait) refers to list.o(i.ListAddLast) for ListAddLast
    scheduler.o(i.TimeTaskWait) refers to scheduler.o(.bss) for gTaskDelayList
    scheduler.o(i.TimeTaskWakeUp) refers to list.o(i.ListRemove) for ListRemove
    scheduler.o(i.TimeTaskWakeUp) refers to scheduler.o(.bss) for gTaskDelayList
    task.o(i.TaskDeleteSelf) refers to switch.o(i.TaskEnterCritical) for TaskEnterCritical
    task.o(i.TaskDeleteSelf) refers to scheduler.o(i.TaskSchedRemove) for TaskSchedRemove
    task.o(i.TaskDeleteSelf) refers to scheduler.o(i.TaskSched) for TaskSched
    task.o(i.TaskDeleteSelf) refers to switch.o(i.TaskExitCritical) for TaskExitCritical
    task.o(i.TaskForceDelete) refers to switch.o(i.TaskEnterCritical) for TaskEnterCritical
    task.o(i.TaskForceDelete) refers to scheduler.o(i.TimeTaskRemove) for TimeTaskRemove
    task.o(i.TaskForceDelete) refers to scheduler.o(i.TaskSchedRemove) for TaskSchedRemove
    task.o(i.TaskForceDelete) refers to scheduler.o(i.TaskSched) for TaskSched
    task.o(i.TaskForceDelete) refers to switch.o(i.TaskExitCritical) for TaskExitCritical
    task.o(i.TaskForceDelete) refers to scheduler.o(.data) for gCurrentTask
    task.o(i.TaskGetInfo) refers to switch.o(i.TaskEnterCritical) for TaskEnterCritical
    task.o(i.TaskGetInfo) refers to switch.o(i.TaskExitCritical) for TaskExitCritical
    task.o(i.TaskInit) refers to list.o(i.NodeInit) for NodeInit
    task.o(i.TaskInit) refers to list.o(i.ListAddLast) for ListAddLast
    task.o(i.TaskInit) refers to bitmap.o(i.BitmapSet) for BitmapSet
    task.o(i.TaskInit) refers to scheduler.o(.bss) for gTaskTable
    task.o(i.TaskInit) refers to scheduler.o(.data) for gTaskPrioBitmap
    task.o(i.TaskIsRequestDelete) refers to switch.o(i.TaskEnterCritical) for TaskEnterCritical
    task.o(i.TaskIsRequestDelete) refers to switch.o(i.TaskExitCritical) for TaskExitCritical
    task.o(i.TaskRequestDelete) refers to switch.o(i.TaskEnterCritical) for TaskEnterCritical
    task.o(i.TaskRequestDelete) refers to switch.o(i.TaskExitCritical) for TaskExitCritical
    task.o(i.TaskSuspend) refers to switch.o(i.TaskEnterCritical) for TaskEnterCritical
    task.o(i.TaskSuspend) refers to scheduler.o(i.TaskSchedUnReady) for TaskSchedUnReady
    task.o(i.TaskSuspend) refers to scheduler.o(i.TaskSched) for TaskSched
    task.o(i.TaskSuspend) refers to switch.o(i.TaskExitCritical) for TaskExitCritical
    task.o(i.TaskSuspend) refers to scheduler.o(.data) for gCurrentTask
    task.o(i.TaskWakeUp) refers to switch.o(i.TaskEnterCritical) for TaskEnterCritical
    task.o(i.TaskWakeUp) refers to scheduler.o(i.TaskSchedReady) for TaskSchedReady
    task.o(i.TaskWakeUp) refers to scheduler.o(i.TaskSched) for TaskSched
    task.o(i.TaskWakeUp) refers to switch.o(i.TaskExitCritical) for TaskExitCritical
    task.o(i.TaskWakeUp) refers to scheduler.o(.data) for gCurrentTask
    time.o(i.TaskDelay) refers to switch.o(i.TaskEnterCritical) for TaskEnterCritical
    time.o(i.TaskDelay) refers to scheduler.o(i.TimeTaskWait) for TimeTaskWait
    time.o(i.TaskDelay) refers to scheduler.o(i.TaskSchedUnReady) for TaskSchedUnReady
    time.o(i.TaskDelay) refers to switch.o(i.TaskExitCritical) for TaskExitCritical
    time.o(i.TaskDelay) refers to scheduler.o(i.TaskSched) for TaskSched
    time.o(i.TaskDelay) refers to scheduler.o(.data) for gCurrentTask
    event.o(i.EventInit) refers to list.o(i.ListInit) for ListInit
    startup_armcm3.o(STACK) refers (Special) to heapauxi.o(.text) for __use_two_region_memory
    startup_armcm3.o(HEAP) refers (Special) to heapauxi.o(.text) for __use_two_region_memory
    startup_armcm3.o(RESET) refers (Special) to heapauxi.o(.text) for __use_two_region_memory
    startup_armcm3.o(RESET) refers to startup_armcm3.o(STACK) for __initial_sp
    startup_armcm3.o(RESET) refers to startup_armcm3.o(.text) for Reset_Handler
    startup_armcm3.o(RESET) refers to switch.o(.emb_text) for PendSV_Handler
    startup_armcm3.o(RESET) refers to cpu.o(i.SysTick_Handler) for SysTick_Handler
    startup_armcm3.o(.text) refers (Special) to heapauxi.o(.text) for __use_two_region_memory
    startup_armcm3.o(.text) refers to system_armcm3.o(i.SystemInit) for SystemInit
    startup_armcm3.o(.text) refers to __main.o(!!!main) for __main
    startup_armcm3.o(.text) refers to startup_armcm3.o(HEAP) for Heap_Mem
    startup_armcm3.o(.text) refers to startup_armcm3.o(STACK) for Stack_Mem
    system_armcm3.o(i.SystemCoreClockUpdate) refers to system_armcm3.o(.data) for SystemCoreClock
    system_armcm3.o(i.SystemInit) refers to system_armcm3.o(.data) for SystemCoreClock
    __main.o(!!!main) refers to __rtentry.o(.ARM.Collect$$rtentry$$00000000) for __rt_entry
    __rtentry.o(.ARM.Collect$$rtentry$$00000000) refers (Special) to __rtentry2.o(.ARM.Collect$$rtentry$$0000000A) for __rt_entry_li
    __rtentry.o(.ARM.Collect$$rtentry$$00000000) refers (Special) to __rtentry2.o(.ARM.Collect$$rtentry$$0000000D) for __rt_entry_main
    __rtentry.o(.ARM.Collect$$rtentry$$00000000) refers (Special) to __rtentry2.o(.ARM.Collect$$rtentry$$0000000C) for __rt_entry_postli_1
    __rtentry.o(.ARM.Collect$$rtentry$$00000000) refers (Special) to __rtentry2.o(.ARM.Collect$$rtentry$$00000009) for __rt_entry_postsh_1
    __rtentry.o(.ARM.Collect$$rtentry$$00000000) refers (Special) to __rtentry2.o(.ARM.Collect$$rtentry$$00000002) for __rt_entry_presh_1
    __rtentry.o(.ARM.Collect$$rtentry$$00000000) refers (Special) to __rtentry4.o(.ARM.Collect$$rtentry$$00000004) for __rt_entry_sh
    __rtentry2.o(.ARM.Collect$$rtentry$$00000008) refers to boardinit2.o(.text) for _platform_post_stackheap_init
    __rtentry2.o(.ARM.Collect$$rtentry$$0000000A) refers to libinit.o(.ARM.Collect$$libinit$$00000000) for __rt_lib_init
    __rtentry2.o(.ARM.Collect$$rtentry$$0000000B) refers to boardinit3.o(.text) for _platform_post_lib_init
    __rtentry2.o(.ARM.Collect$$rtentry$$0000000D) refers to main.o(i.main) for main
    __rtentry2.o(.ARM.Collect$$rtentry$$0000000D) refers to exit.o(.text) for exit
    __rtentry2.o(.ARM.exidx) refers to __rtentry2.o(.ARM.Collect$$rtentry$$00000001) for .ARM.Collect$$rtentry$$00000001
    __rtentry2.o(.ARM.exidx) refers to __rtentry2.o(.ARM.Collect$$rtentry$$00000008) for .ARM.Collect$$rtentry$$00000008
    __rtentry2.o(.ARM.exidx) refers to __rtentry2.o(.ARM.Collect$$rtentry$$0000000A) for .ARM.Collect$$rtentry$$0000000A
    __rtentry2.o(.ARM.exidx) refers to __rtentry2.o(.ARM.Collect$$rtentry$$0000000B) for .ARM.Collect$$rtentry$$0000000B
    __rtentry2.o(.ARM.exidx) refers to __rtentry2.o(.ARM.Collect$$rtentry$$0000000D) for .ARM.Collect$$rtentry$$0000000D
    __rtentry4.o(.ARM.Collect$$rtentry$$00000004) refers to sys_stackheap_outer.o(.text) for __user_setup_stackheap
    __rtentry4.o(.ARM.exidx) refers to __rtentry4.o(.ARM.Collect$$rtentry$$00000004) for .ARM.Collect$$rtentry$$00000004
    sys_stackheap_outer.o(.text) refers to libspace.o(.text) for __user_perproc_libspace
    sys_stackheap_outer.o(.text) refers to startup_armcm3.o(.text) for __user_initial_stackheap
    exit.o(.text) refers to rtexit.o(.ARM.Collect$$rtexit$$00000000) for __rt_exit
    libinit.o(.ARM.Collect$$libinit$$00000000) refers (Special) to libinit2.o(.ARM.Collect$$libinit$$0000002E) for __rt_lib_init_alloca_1
    libinit.o(.ARM.Collect$$libinit$$00000000) refers (Special) to libinit2.o(.ARM.Collect$$libinit$$0000002C) for __rt_lib_init_argv_1
    libinit.o(.ARM.Collect$$libinit$$00000000) refers (Special) to libinit2.o(.ARM.Collect$$libinit$$0000001B) for __rt_lib_init_atexit_1
    libinit.o(.ARM.Collect$$libinit$$00000000) refers (Special) to libinit2.o(.ARM.Collect$$libinit$$00000021) for __rt_lib_init_clock_1
    libinit.o(.ARM.Collect$$libinit$$00000000) refers (Special) to libinit2.o(.ARM.Collect$$libinit$$00000032) for __rt_lib_init_cpp_1
    libinit.o(.ARM.Collect$$libinit$$00000000) refers (Special) to libinit2.o(.ARM.Collect$$libinit$$00000030) for __rt_lib_init_exceptions_1
    libinit.o(.ARM.Collect$$libinit$$00000000) refers (Special) to libinit2.o(.ARM.Collect$$libinit$$00000002) for __rt_lib_init_fp_1
    libinit.o(.ARM.Collect$$libinit$$00000000) refers (Special) to libinit2.o(.ARM.Collect$$libinit$$0000001F) for __rt_lib_init_fp_trap_1
    libinit.o(.ARM.Collect$$libinit$$00000000) refers (Special) to libinit2.o(.ARM.Collect$$libinit$$00000023) for __rt_lib_init_getenv_1
    libinit.o(.ARM.Collect$$libinit$$00000000) refers (Special) to libinit2.o(.ARM.Collect$$libinit$$0000000A) for __rt_lib_init_heap_1
    libinit.o(.ARM.Collect$$libinit$$00000000) refers (Special) to libinit2.o(.ARM.Collect$$libinit$$00000011) for __rt_lib_init_lc_collate_1
    libinit.o(.ARM.Collect$$libinit$$00000000) refers (Special) to libinit2.o(.ARM.Collect$$libinit$$00000013) for __rt_lib_init_lc_ctype_1
    libinit.o(.ARM.Collect$$libinit$$00000000) refers (Special) to libinit2.o(.ARM.Collect$$libinit$$00000015) for __rt_lib_init_lc_monetary_1
    libinit.o(.ARM.Collect$$libinit$$00000000) refers (Special) to libinit2.o(.ARM.Collect$$libinit$$00000017) for __rt_lib_init_lc_numeric_1
    libinit.o(.ARM.Collect$$libinit$$00000000) refers (Special) to libinit2.o(.ARM.Collect$$libinit$$00000019) for __rt_lib_init_lc_time_1
    libinit.o(.ARM.Collect$$libinit$$00000000) refers (Special) to libinit2.o(.ARM.Collect$$libinit$$00000004) for __rt_lib_init_preinit_1
    libinit.o(.ARM.Collect$$libinit$$00000000) refers (Special) to libinit2.o(.ARM.Collect$$libinit$$0000000E) for __rt_lib_init_rand_1
    libinit.o(.ARM.Collect$$libinit$$00000000) refers (Special) to libinit2.o(.ARM.Collect$$libinit$$00000033) for __rt_lib_init_return
    libinit.o(.ARM.Collect$$libinit$$00000000) refers (Special) to libinit2.o(.ARM.Collect$$libinit$$0000001D) for __rt_lib_init_signal_1
    libinit.o(.ARM.Collect$$libinit$$00000000) refers (Special) to libinit2.o(.ARM.Collect$$libinit$$00000025) for __rt_lib_init_stdio_1
    libinit.o(.ARM.Collect$$libinit$$00000000) refers (Special) to libinit2.o(.ARM.Collect$$libinit$$0000000C) for __rt_lib_init_user_alloc_1
    libspace.o(.text) refers to libspace.o(.bss) for __libspace_start
    rtexit.o(.ARM.Collect$$rtexit$$00000000) refers (Special) to rtexit2.o(.ARM.Collect$$rtexit$$00000004) for __rt_exit_exit
    rtexit.o(.ARM.Collect$$rtexit$$00000000) refers (Special) to rtexit2.o(.ARM.Collect$$rtexit$$00000003) for __rt_exit_ls
    rtexit.o(.ARM.Collect$$rtexit$$00000000) refers (Special) to rtexit2.o(.ARM.Collect$$rtexit$$00000002) for __rt_exit_prels_1
    rtexit.o(.ARM.exidx) refers (Special) to rtexit2.o(.ARM.Collect$$rtexit$$00000004) for __rt_exit_exit
    rtexit.o(.ARM.exidx) refers (Special) to rtexit2.o(.ARM.Collect$$rtexit$$00000003) for __rt_exit_ls
    rtexit.o(.ARM.exidx) refers (Special) to rtexit2.o(.ARM.Collect$$rtexit$$00000002) for __rt_exit_prels_1
    rtexit.o(.ARM.exidx) refers to rtexit.o(.ARM.Collect$$rtexit$$00000000) for .ARM.Collect$$rtexit$$00000000
    libinit2.o(.ARM.Collect$$libinit$$00000010) refers to libinit2.o(.ARM.Collect$$libinit$$0000000F) for .ARM.Collect$$libinit$$0000000F
    libinit2.o(.ARM.Collect$$libinit$$00000012) refers to libinit2.o(.ARM.Collect$$libinit$$0000000F) for .ARM.Collect$$libinit$$0000000F
    libinit2.o(.ARM.Collect$$libinit$$00000014) refers to libinit2.o(.ARM.Collect$$libinit$$0000000F) for .ARM.Collect$$libinit$$0000000F
    libinit2.o(.ARM.Collect$$libinit$$00000016) refers to libinit2.o(.ARM.Collect$$libinit$$0000000F) for .ARM.Collect$$libinit$$0000000F
    libinit2.o(.ARM.Collect$$libinit$$00000018) refers to libinit2.o(.ARM.Collect$$libinit$$0000000F) for .ARM.Collect$$libinit$$0000000F
    libinit2.o(.ARM.Collect$$libinit$$00000026) refers to argv_veneer.o(.emb_text) for __ARM_argv_veneer
    libinit2.o(.ARM.Collect$$libinit$$00000027) refers to argv_veneer.o(.emb_text) for __ARM_argv_veneer
    rtexit2.o(.ARM.Collect$$rtexit$$00000003) refers to libshutdown.o(.ARM.Collect$$libshutdown$$00000000) for __rt_lib_shutdown
    rtexit2.o(.ARM.Collect$$rtexit$$00000004) refers to sys_exit.o(.text) for _sys_exit
    rtexit2.o(.ARM.exidx) refers to rtexit2.o(.ARM.Collect$$rtexit$$00000001) for .ARM.Collect$$rtexit$$00000001
    rtexit2.o(.ARM.exidx) refers to rtexit2.o(.ARM.Collect$$rtexit$$00000003) for .ARM.Collect$$rtexit$$00000003
    rtexit2.o(.ARM.exidx) refers to rtexit2.o(.ARM.Collect$$rtexit$$00000004) for .ARM.Collect$$rtexit$$00000004
    argv_veneer.o(.emb_text) refers to no_argv.o(.text) for __ARM_get_argv
    sys_exit.o(.text) refers (Special) to use_no_semi.o(.text) for __I$use$semihosting
    sys_exit.o(.text) refers (Special) to indicate_semi.o(.text) for __semihosting_library_function
    _get_argv_nomalloc.o(.text) refers (Special) to hrguard.o(.text) for __heap_region$guard
    _get_argv_nomalloc.o(.text) refers to defsig_rtmem_outer.o(.text) for __rt_SIGRTMEM
    _get_argv_nomalloc.o(.text) refers to sys_command.o(.text) for _sys_command_string
    libshutdown.o(.ARM.Collect$$libshutdown$$00000000) refers (Special) to libshutdown2.o(.ARM.Collect$$libshutdown$$00000002) for __rt_lib_shutdown_cpp_1
    libshutdown.o(.ARM.Collect$$libshutdown$$00000000) refers (Special) to libshutdown2.o(.ARM.Collect$$libshutdown$$00000007) for __rt_lib_shutdown_fp_trap_1
    libshutdown.o(.ARM.Collect$$libshutdown$$00000000) refers (Special) to libshutdown2.o(.ARM.Collect$$libshutdown$$0000000F) for __rt_lib_shutdown_heap_1
    libshutdown.o(.ARM.Collect$$libshutdown$$00000000) refers (Special) to libshutdown2.o(.ARM.Collect$$libshutdown$$00000010) for __rt_lib_shutdown_return
    libshutdown.o(.ARM.Collect$$libshutdown$$00000000) refers (Special) to libshutdown2.o(.ARM.Collect$$libshutdown$$0000000A) for __rt_lib_shutdown_signal_1
    libshutdown.o(.ARM.Collect$$libshutdown$$00000000) refers (Special) to libshutdown2.o(.ARM.Collect$$libshutdown$$00000004) for __rt_lib_shutdown_stdio_1
    libshutdown.o(.ARM.Collect$$libshutdown$$00000000) refers (Special) to libshutdown2.o(.ARM.Collect$$libshutdown$$0000000C) for __rt_lib_shutdown_user_alloc_1
    sys_command.o(.text) refers (Special) to use_no_semi.o(.text) for __I$use$semihosting
    sys_command.o(.text) refers (Special) to indicate_semi.o(.text) for __semihosting_library_function
    defsig_rtmem_outer.o(.text) refers to defsig_rtmem_inner.o(.text) for __rt_SIGRTMEM_inner
    defsig_rtmem_outer.o(.text) refers to defsig_exit.o(.text) for __sig_exit
    defsig_rtmem_formal.o(.text) refers to rt_raise.o(.text) for __rt_raise
    rt_raise.o(.text) refers to __raise.o(.text) for __raise
    rt_raise.o(.text) refers to sys_exit.o(.text) for _sys_exit
    defsig_exit.o(.text) refers to sys_exit.o(.text) for _sys_exit
    defsig_rtmem_inner.o(.text) refers to defsig_general.o(.text) for __default_signal_display
    __raise.o(.text) refers to defsig.o(CL$$defsig) for __default_signal_handler
    defsig_general.o(.text) refers to sys_wrch.o(.text) for _ttywrch
    sys_wrch.o(.text) refers (Special) to use_no_semi.o(.text) for __I$use$semihosting
    sys_wrch.o(.text) refers (Special) to indicate_semi.o(.text) for __semihosting_library_function
    defsig.o(CL$$defsig) refers to defsig_rtmem_inner.o(.text) for __rt_SIGRTMEM_inner
    defsig_abrt_inner.o(.text) refers to defsig_general.o(.text) for __default_signal_display
    defsig_fpe_inner.o(.text) refers to defsig_general.o(.text) for __default_signal_display
    defsig_rtred_inner.o(.text) refers to defsig_general.o(.text) for __default_signal_display
    defsig_stak_inner.o(.text) refers to defsig_general.o(.text) for __default_signal_display
    defsig_pvfn_inner.o(.text) refers to defsig_general.o(.text) for __default_signal_display
    defsig_cppl_inner.o(.text) refers to defsig_general.o(.text) for __default_signal_display
    defsig_segv_inner.o(.text) refers to defsig_general.o(.text) for __default_signal_display
    defsig_other.o(.text) refers to defsig_general.o(.text) for __default_signal_display


==============================================================================

Removing Unused input sections from the image.

    Removing main.o(.rev16_text), (4 bytes).
    Removing main.o(.revsh_text), (4 bytes).
    Removing main.o(.rrx_text), (6 bytes).
    Removing switch.o(.rev16_text), (4 bytes).
    Removing switch.o(.revsh_text), (4 bytes).
    Removing switch.o(.rrx_text), (6 bytes).
    Removing list.o(i.ListAddFirst), (24 bytes).
    Removing list.o(i.ListInsertAfter), (20 bytes).
    Removing list.o(i.ListLast), (12 bytes).
    Removing list.o(i.ListNextNode), (16 bytes).
    Removing list.o(i.ListPreNode), (16 bytes).
    Removing list.o(i.ListRemovLast), (26 bytes).
    Removing list.o(i.ListRemoveAll), (32 bytes).
    Removing app.o(.rev16_text), (4 bytes).
    Removing app.o(.revsh_text), (4 bytes).
    Removing app.o(.rrx_text), (6 bytes).
    Removing app.o(i.Task3CleanFunc), (12 bytes).
    Removing bitmap.o(i.BitmapInit), (6 bytes).
    Removing cpu.o(.rev16_text), (4 bytes).
    Removing cpu.o(.revsh_text), (4 bytes).
    Removing cpu.o(.rrx_text), (6 bytes).
    Removing scheduler.o(.rev16_text), (4 bytes).
    Removing scheduler.o(.revsh_text), (4 bytes).
    Removing scheduler.o(.rrx_text), (6 bytes).
    Removing scheduler.o(i.TaskSchedDisable), (40 bytes).
    Removing scheduler.o(i.TaskSchedEnable), (48 bytes).
    Removing task.o(.rev16_text), (4 bytes).
    Removing task.o(.revsh_text), (4 bytes).
    Removing task.o(.rrx_text), (6 bytes).
    Removing task.o(i.TaskGetInfo), (36 bytes).
    Removing task.o(i.TaskSuspend), (56 bytes).
    Removing task.o(i.TaskWakeUp), (64 bytes).
    Removing time.o(.rev16_text), (4 bytes).
    Removing time.o(.revsh_text), (4 bytes).
    Removing time.o(.rrx_text), (6 bytes).
    Removing time.o(i.SoftDelay), (14 bytes).
    Removing event.o(i.EventInit), (16 bytes).
    Removing system_armcm3.o(.rev16_text), (4 bytes).
    Removing system_armcm3.o(.revsh_text), (4 bytes).
    Removing system_armcm3.o(.rrx_text), (6 bytes).
    Removing system_armcm3.o(i.SystemCoreClockUpdate), (16 bytes).

41 unused section(s) (total 566 bytes) removed from the image.

==============================================================================

Image Symbol Table

    Local Symbols

    Symbol Name                              Value     Ov Type        Size  Object(Section)

    RESET                                    0x00000000   Section      192  startup_armcm3.o(RESET)
    ../clib/angel/boardlib.s                 0x00000000   Number         0  boardinit1.o ABSOLUTE
    ../clib/angel/boardlib.s                 0x00000000   Number         0  boardinit2.o ABSOLUTE
    ../clib/angel/boardlib.s                 0x00000000   Number         0  boardinit3.o ABSOLUTE
    ../clib/angel/boardlib.s                 0x00000000   Number         0  boardshut.o ABSOLUTE
    ../clib/angel/handlers.s                 0x00000000   Number         0  __scatter_zi.o ABSOLUTE
    ../clib/angel/handlers.s                 0x00000000   Number         0  __scatter_copy.o ABSOLUTE
    ../clib/angel/kernel.s                   0x00000000   Number         0  rtexit2.o ABSOLUTE
    ../clib/angel/kernel.s                   0x00000000   Number         0  rtexit.o ABSOLUTE
    ../clib/angel/kernel.s                   0x00000000   Number         0  __rtentry2.o ABSOLUTE
    ../clib/angel/kernel.s                   0x00000000   Number         0  __rtentry.o ABSOLUTE
    ../clib/angel/kernel.s                   0x00000000   Number         0  __rtentry4.o ABSOLUTE
    ../clib/angel/rt.s                       0x00000000   Number         0  rt_raise.o ABSOLUTE
    ../clib/angel/scatter.s                  0x00000000   Number         0  __scatter.o ABSOLUTE
    ../clib/angel/startup.s                  0x00000000   Number         0  __main.o ABSOLUTE
    ../clib/angel/sys.s                      0x00000000   Number         0  indicate_semi.o ABSOLUTE
    ../clib/angel/sys.s                      0x00000000   Number         0  sys_stackheap_outer.o ABSOLUTE
    ../clib/angel/sys.s                      0x00000000   Number         0  use_no_semi.o ABSOLUTE
    ../clib/angel/sys.s                      0x00000000   Number         0  libspace.o ABSOLUTE
    ../clib/angel/sysapp.c                   0x00000000   Number         0  sys_wrch.o ABSOLUTE
    ../clib/angel/sysapp.c                   0x00000000   Number         0  sys_command.o ABSOLUTE
    ../clib/angel/sysapp.c                   0x00000000   Number         0  sys_exit.o ABSOLUTE
    ../clib/armsys.c                         0x00000000   Number         0  _get_argv_nomalloc.o ABSOLUTE
    ../clib/armsys.c                         0x00000000   Number         0  argv_veneer.o ABSOLUTE
    ../clib/armsys.c                         0x00000000   Number         0  no_argv.o ABSOLUTE
    ../clib/armsys.c                         0x00000000   Number         0  argv_veneer.o ABSOLUTE
    ../clib/heapalloc.c                      0x00000000   Number         0  hrguard.o ABSOLUTE
    ../clib/heapaux.c                        0x00000000   Number         0  heapauxi.o ABSOLUTE
    ../clib/libinit.s                        0x00000000   Number         0  libinit2.o ABSOLUTE
    ../clib/libinit.s                        0x00000000   Number         0  libshutdown2.o ABSOLUTE
    ../clib/libinit.s                        0x00000000   Number         0  libshutdown.o ABSOLUTE
    ../clib/libinit.s                        0x00000000   Number         0  libinit.o ABSOLUTE
    ../clib/signal.c                         0x00000000   Number         0  defsig_general.o ABSOLUTE
    ../clib/signal.c                         0x00000000   Number         0  defsig_exit.o ABSOLUTE
    ../clib/signal.c                         0x00000000   Number         0  defsig_fpe_inner.o ABSOLUTE
    ../clib/signal.c                         0x00000000   Number         0  defsig_rtred_inner.o ABSOLUTE
    ../clib/signal.c                         0x00000000   Number         0  defsig_stak_inner.o ABSOLUTE
    ../clib/signal.c                         0x00000000   Number         0  defsig_pvfn_inner.o ABSOLUTE
    ../clib/signal.c                         0x00000000   Number         0  defsig_cppl_inner.o ABSOLUTE
    ../clib/signal.c                         0x00000000   Number         0  defsig_segv_inner.o ABSOLUTE
    ../clib/signal.c                         0x00000000   Number         0  defsig_other.o ABSOLUTE
    ../clib/signal.c                         0x00000000   Number         0  defsig_abrt_inner.o ABSOLUTE
    ../clib/signal.c                         0x00000000   Number         0  defsig_rtmem_inner.o ABSOLUTE
    ../clib/signal.c                         0x00000000   Number         0  defsig_rtmem_formal.o ABSOLUTE
    ../clib/signal.c                         0x00000000   Number         0  defsig_rtmem_outer.o ABSOLUTE
    ../clib/signal.c                         0x00000000   Number         0  __raise.o ABSOLUTE
    ../clib/signal.s                         0x00000000   Number         0  defsig.o ABSOLUTE
    ../clib/stdlib.c                         0x00000000   Number         0  exit.o ABSOLUTE
    ../fplib/fpinit.s                        0x00000000   Number         0  fpinit.o ABSOLUTE
    RTE\Device\ARMCM3\startup_ARMCM3.s       0x00000000   Number         0  startup_armcm3.o ABSOLUTE
    RTE\Device\ARMCM3\system_ARMCM3.c        0x00000000   Number         0  system_armcm3.o ABSOLUTE
    RTE\\Device\\ARMCM3\\system_ARMCM3.c     0x00000000   Number         0  system_armcm3.o ABSOLUTE
    Source\\app.c                            0x00000000   Number         0  app.o ABSOLUTE
    Source\\cpu.c                            0x00000000   Number         0  cpu.o ABSOLUTE
    Source\\main.c                           0x00000000   Number         0  main.o ABSOLUTE
    Source\\scheduler.c                      0x00000000   Number         0  scheduler.o ABSOLUTE
    Source\\switch.c                         0x00000000   Number         0  switch.o ABSOLUTE
    Source\\task.c                           0x00000000   Number         0  task.o ABSOLUTE
    Source\\time.c                           0x00000000   Number         0  time.o ABSOLUTE
    Source\app.c                             0x00000000   Number         0  app.o ABSOLUTE
    Source\bitmap.c                          0x00000000   Number         0  bitmap.o ABSOLUTE
    Source\cpu.c                             0x00000000   Number         0  cpu.o ABSOLUTE
    Source\event.c                           0x00000000   Number         0  event.o ABSOLUTE
    Source\list.c                            0x00000000   Number         0  list.o ABSOLUTE
    Source\main.c                            0x00000000   Number         0  main.o ABSOLUTE
    Source\scheduler.c                       0x00000000   Number         0  scheduler.o ABSOLUTE
    Source\switch.c                          0x00000000   Number         0  switch.o ABSOLUTE
    Source\task.c                            0x00000000   Number         0  task.o ABSOLUTE
    Source\time.c                            0x00000000   Number         0  time.o ABSOLUTE
    dc.s                                     0x00000000   Number         0  dc.o ABSOLUTE
    !!!main                                  0x000000c0   Section        8  __main.o(!!!main)
    !!!scatter                               0x000000c8   Section       52  __scatter.o(!!!scatter)
    !!handler_copy                           0x000000fc   Section       26  __scatter_copy.o(!!handler_copy)
    !!handler_zi                             0x00000118   Section       28  __scatter_zi.o(!!handler_zi)
    .ARM.Collect$$libinit$$00000000          0x00000134   Section        2  libinit.o(.ARM.Collect$$libinit$$00000000)
    .ARM.Collect$$libinit$$00000002          0x00000136   Section        0  libinit2.o(.ARM.Collect$$libinit$$00000002)
    .ARM.Collect$$libinit$$00000004          0x00000136   Section        0  libinit2.o(.ARM.Collect$$libinit$$00000004)
    .ARM.Collect$$libinit$$0000000A          0x00000136   Section        0  libinit2.o(.ARM.Collect$$libinit$$0000000A)
    .ARM.Collect$$libinit$$0000000C          0x00000136   Section        0  libinit2.o(.ARM.Collect$$libinit$$0000000C)
    .ARM.Collect$$libinit$$0000000E          0x00000136   Section        0  libinit2.o(.ARM.Collect$$libinit$$0000000E)
    .ARM.Collect$$libinit$$00000011          0x00000136   Section        0  libinit2.o(.ARM.Collect$$libinit$$00000011)
    .ARM.Collect$$libinit$$00000013          0x00000136   Section        0  libinit2.o(.ARM.Collect$$libinit$$00000013)
    .ARM.Collect$$libinit$$00000015          0x00000136   Section        0  libinit2.o(.ARM.Collect$$libinit$$00000015)
    .ARM.Collect$$libinit$$00000017          0x00000136   Section        0  libinit2.o(.ARM.Collect$$libinit$$00000017)
    .ARM.Collect$$libinit$$00000019          0x00000136   Section        0  libinit2.o(.ARM.Collect$$libinit$$00000019)
    .ARM.Collect$$libinit$$0000001B          0x00000136   Section        0  libinit2.o(.ARM.Collect$$libinit$$0000001B)
    .ARM.Collect$$libinit$$0000001D          0x00000136   Section        0  libinit2.o(.ARM.Collect$$libinit$$0000001D)
    .ARM.Collect$$libinit$$0000001F          0x00000136   Section        0  libinit2.o(.ARM.Collect$$libinit$$0000001F)
    .ARM.Collect$$libinit$$00000021          0x00000136   Section        0  libinit2.o(.ARM.Collect$$libinit$$00000021)
    .ARM.Collect$$libinit$$00000023          0x00000136   Section        0  libinit2.o(.ARM.Collect$$libinit$$00000023)
    .ARM.Collect$$libinit$$00000025          0x00000136   Section        0  libinit2.o(.ARM.Collect$$libinit$$00000025)
    .ARM.Collect$$libinit$$0000002C          0x00000136   Section        0  libinit2.o(.ARM.Collect$$libinit$$0000002C)
    .ARM.Collect$$libinit$$0000002E          0x00000136   Section        0  libinit2.o(.ARM.Collect$$libinit$$0000002E)
    .ARM.Collect$$libinit$$00000030          0x00000136   Section        0  libinit2.o(.ARM.Collect$$libinit$$00000030)
    .ARM.Collect$$libinit$$00000032          0x00000136   Section        0  libinit2.o(.ARM.Collect$$libinit$$00000032)
    .ARM.Collect$$libinit$$00000033          0x00000136   Section        2  libinit2.o(.ARM.Collect$$libinit$$00000033)
    .ARM.Collect$$libshutdown$$00000000      0x00000138   Section        2  libshutdown.o(.ARM.Collect$$libshutdown$$00000000)
    .ARM.Collect$$libshutdown$$00000002      0x0000013a   Section        0  libshutdown2.o(.ARM.Collect$$libshutdown$$00000002)
    .ARM.Collect$$libshutdown$$00000004      0x0000013a   Section        0  libshutdown2.o(.ARM.Collect$$libshutdown$$00000004)
    .ARM.Collect$$libshutdown$$00000007      0x0000013a   Section        0  libshutdown2.o(.ARM.Collect$$libshutdown$$00000007)
    .ARM.Collect$$libshutdown$$0000000A      0x0000013a   Section        0  libshutdown2.o(.ARM.Collect$$libshutdown$$0000000A)
    .ARM.Collect$$libshutdown$$0000000C      0x0000013a   Section        0  libshutdown2.o(.ARM.Collect$$libshutdown$$0000000C)
    .ARM.Collect$$libshutdown$$0000000F      0x0000013a   Section        0  libshutdown2.o(.ARM.Collect$$libshutdown$$0000000F)
    .ARM.Collect$$libshutdown$$00000010      0x0000013a   Section        2  libshutdown2.o(.ARM.Collect$$libshutdown$$00000010)
    .ARM.Collect$$rtentry$$00000000          0x0000013c   Section        0  __rtentry.o(.ARM.Collect$$rtentry$$00000000)
    .ARM.Collect$$rtentry$$00000002          0x0000013c   Section        0  __rtentry2.o(.ARM.Collect$$rtentry$$00000002)
    .ARM.Collect$$rtentry$$00000004          0x0000013c   Section        6  __rtentry4.o(.ARM.Collect$$rtentry$$00000004)
    .ARM.Collect$$rtentry$$00000009          0x00000142   Section        0  __rtentry2.o(.ARM.Collect$$rtentry$$00000009)
    .ARM.Collect$$rtentry$$0000000A          0x00000142   Section        4  __rtentry2.o(.ARM.Collect$$rtentry$$0000000A)
    .ARM.Collect$$rtentry$$0000000C          0x00000146   Section        0  __rtentry2.o(.ARM.Collect$$rtentry$$0000000C)
    .ARM.Collect$$rtentry$$0000000D          0x00000146   Section        8  __rtentry2.o(.ARM.Collect$$rtentry$$0000000D)
    .ARM.Collect$$rtexit$$00000000           0x0000014e   Section        2  rtexit.o(.ARM.Collect$$rtexit$$00000000)
    .ARM.Collect$$rtexit$$00000002           0x00000150   Section        0  rtexit2.o(.ARM.Collect$$rtexit$$00000002)
    .ARM.Collect$$rtexit$$00000003           0x00000150   Section        4  rtexit2.o(.ARM.Collect$$rtexit$$00000003)
    .ARM.Collect$$rtexit$$00000004           0x00000154   Section        6  rtexit2.o(.ARM.Collect$$rtexit$$00000004)
    .emb_text                                0x0000015c   Section       48  switch.o(.emb_text)
    .text                                    0x0000018c   Section       64  startup_armcm3.o(.text)
    .text                                    0x000001cc   Section        0  heapauxi.o(.text)
    .text                                    0x000001d2   Section       74  sys_stackheap_outer.o(.text)
    .text                                    0x0000021c   Section        0  exit.o(.text)
    .text                                    0x00000230   Section        8  libspace.o(.text)
    .text                                    0x00000238   Section        0  sys_exit.o(.text)
    .text                                    0x00000244   Section        2  use_no_semi.o(.text)
    .text                                    0x00000246   Section        0  indicate_semi.o(.text)
    i.BitmapClear                            0x00000246   Section        0  bitmap.o(i.BitmapClear)
    i.BitmapGetFirstSet                      0x00000254   Section        0  bitmap.o(i.BitmapGetFirstSet)
    i.BitmapMaxBit                           0x000002b0   Section        0  bitmap.o(i.BitmapMaxBit)
    i.BitmapSet                              0x000002b4   Section        0  bitmap.o(i.BitmapSet)
    i.GetHighestReady                        0x000002c0   Section        0  scheduler.o(i.GetHighestReady)
    i.InitApps                               0x000002e8   Section        0  app.o(i.InitApps)
    i.ListAddLast                            0x00000380   Section        0  list.o(i.ListAddLast)
    i.ListFirst                              0x00000394   Section        0  list.o(i.ListFirst)
    i.ListInit                               0x000003a0   Section        0  list.o(i.ListInit)
    i.ListNodeCount                          0x000003aa   Section        0  list.o(i.ListNodeCount)
    i.ListRemove                             0x000003b0   Section        0  list.o(i.ListRemove)
    i.ListRemoveFirst                        0x000003c4   Section        0  list.o(i.ListRemoveFirst)
    i.NodeInit                               0x000003de   Section        0  list.o(i.NodeInit)
    i.SetSysTickPeriod                       0x000003e4   Section        0  cpu.o(i.SetSysTickPeriod)
    i.SysTick_Handler                        0x0000043c   Section        0  cpu.o(i.SysTick_Handler)
    i.SystemInit                             0x00000444   Section        0  system_armcm3.o(i.SystemInit)
    i.Task1CleanFunc                         0x00000454   Section        0  app.o(i.Task1CleanFunc)
    i.TaskDelay                              0x00000460   Section        0  time.o(i.TaskDelay)
    i.TaskDelayListInit                      0x0000048c   Section        0  scheduler.o(i.TaskDelayListInit)
    i.TaskDeleteSelf                         0x0000049c   Section        0  task.o(i.TaskDeleteSelf)
    i.TaskEnterCritical                      0x000004c4   Section        0  switch.o(i.TaskEnterCritical)
    i.TaskExitCritical                       0x000004d0   Section        0  switch.o(i.TaskExitCritical)
    i.TaskForceDelete                        0x000004dc   Section        0  task.o(i.TaskForceDelete)
    i.TaskInit                               0x00000528   Section        0  task.o(i.TaskInit)
    i.TaskIsRequestDelete                    0x00000604   Section        0  task.o(i.TaskIsRequestDelete)
    i.TaskRequestDelete                      0x0000061c   Section        0  task.o(i.TaskRequestDelete)
    i.TaskRunFisrt                           0x00000634   Section        0  switch.o(i.TaskRunFisrt)
    i.TaskSched                              0x00000650   Section        0  scheduler.o(i.TaskSched)
    i.TaskSchedInit                          0x00000694   Section        0  scheduler.o(i.TaskSchedInit)
    i.TaskSchedReady                         0x000006c0   Section        0  scheduler.o(i.TaskSchedReady)
    i.TaskSchedRemove                        0x000006e8   Section        0  scheduler.o(i.TaskSchedRemove)
    i.TaskSchedUnReady                       0x00000724   Section        0  scheduler.o(i.TaskSchedUnReady)
    i.TaskSetCleanFunc                       0x00000760   Section        0  task.o(i.TaskSetCleanFunc)
    i.TaskSwitch                             0x00000768   Section        0  switch.o(i.TaskSwitch)
    i.TaskSysTick_Handler                    0x00000778   Section        0  cpu.o(i.TaskSysTick_Handler)
    i.TimeTaskRemove                         0x0000081c   Section        0  scheduler.o(i.TimeTaskRemove)
    i.TimeTaskWait                           0x00000830   Section        0  scheduler.o(i.TimeTaskWait)
    i.TimeTaskWakeUp                         0x00000850   Section        0  scheduler.o(i.TimeTaskWakeUp)
    i.main                                   0x0000086c   Section        0  main.o(i.main)
    i.task1_func                             0x00000894   Section        0  app.o(i.task1_func)
    i.task2_func                             0x000008cc   Section        0  app.o(i.task2_func)
    i.task3_func                             0x00000900   Section        0  app.o(i.task3_func)
    i.task4_func                             0x00000940   Section        0  app.o(i.task4_func)
    i.task_idle_func                         0x00000974   Section        0  app.o(i.task_idle_func)
    .constdata                               0x0000097c   Section      256  bitmap.o(.constdata)
    index_table                              0x0000097c   Data         256  bitmap.o(.constdata)
    .data                                    0x20000000   Section       16  app.o(.data)
    .data                                    0x20000010   Section       13  scheduler.o(.data)
    .data                                    0x20000020   Section        4  system_armcm3.o(.data)
    .bss                                     0x20000024   Section     5440  app.o(.bss)
    .bss                                     0x20001564   Section      396  scheduler.o(.bss)
    .bss                                     0x200016f0   Section       96  libspace.o(.bss)
    HEAP                                     0x20001750   Section     3072  startup_armcm3.o(HEAP)
    Heap_Mem                                 0x20001750   Data        3072  startup_armcm3.o(HEAP)
    STACK                                    0x20002350   Section     1024  startup_armcm3.o(STACK)
    Stack_Mem                                0x20002350   Data        1024  startup_armcm3.o(STACK)
    __initial_sp                             0x20002750   Data           0  startup_armcm3.o(STACK)

    Global Symbols

    Symbol Name                              Value     Ov Type        Size  Object(Section)

    BuildAttributes$$THM_ISAv4$P$D$K$B$S$PE$A:L22UL41UL21$X:L11$S22US41US21$IEEE1$IW$USESV6$~STKCKD$USESV7$~SHL$OSPACE$ROPI$EBA8$UX$STANDARDLIB$REQ8$PRES8$EABIv2 0x00000000   Number         0  anon$$obj.o ABSOLUTE
    __ARM_use_no_argv                        0x00000000   Number         0  main.o ABSOLUTE
    __Vectors                                0x00000000   Data           4  startup_armcm3.o(RESET)
    __ARM_exceptions_init                     - Undefined Weak Reference
    __alloca_initialize                       - Undefined Weak Reference
    __arm_preinit_                            - Undefined Weak Reference
    __cpp_initialize__aeabi_                  - Undefined Weak Reference
    __cxa_finalize                            - Undefined Weak Reference
    __rt_locale                               - Undefined Weak Reference
    __sigvec_lookup                           - Undefined Weak Reference
    _atexit_init                              - Undefined Weak Reference
    _call_atexit_fns                          - Undefined Weak Reference
    _clock_init                               - Undefined Weak Reference
    _fp_trap_init                             - Undefined Weak Reference
    _fp_trap_shutdown                         - Undefined Weak Reference
    _get_lc_collate                           - Undefined Weak Reference
    _get_lc_ctype                             - Undefined Weak Reference
    _get_lc_monetary                          - Undefined Weak Reference
    _get_lc_numeric                           - Undefined Weak Reference
    _get_lc_time                              - Undefined Weak Reference
    _getenv_init                              - Undefined Weak Reference
    _handle_redirection                       - Undefined Weak Reference
    _init_alloc                               - Undefined Weak Reference
    _init_user_alloc                          - Undefined Weak Reference
    _initio                                   - Undefined Weak Reference
    _rand_init                                - Undefined Weak Reference
    _signal_finish                            - Undefined Weak Reference
    _signal_init                              - Undefined Weak Reference
    _terminate_alloc                          - Undefined Weak Reference
    _terminate_user_alloc                     - Undefined Weak Reference
    _terminateio                              - Undefined Weak Reference
    __Vectors_End                            0x000000c0   Data           0  startup_armcm3.o(RESET)
    __Vectors_Size                           0x000000c0   Number         0  startup_armcm3.o ABSOLUTE
    __main                                   0x000000c1   Thumb Code     8  __main.o(!!!main)
    __scatterload                            0x000000c9   Thumb Code     0  __scatter.o(!!!scatter)
    __scatterload_rt2                        0x000000c9   Thumb Code    44  __scatter.o(!!!scatter)
    __scatterload_rt2_thumb_only             0x000000c9   Thumb Code     0  __scatter.o(!!!scatter)
    __scatterload_null                       0x000000d7   Thumb Code     0  __scatter.o(!!!scatter)
    __scatterload_copy                       0x000000fd   Thumb Code    26  __scatter_copy.o(!!handler_copy)
    __scatterload_zeroinit                   0x00000119   Thumb Code    28  __scatter_zi.o(!!handler_zi)
    __rt_lib_init                            0x00000135   Thumb Code     0  libinit.o(.ARM.Collect$$libinit$$00000000)
    __rt_lib_init_alloca_1                   0x00000137   Thumb Code     0  libinit2.o(.ARM.Collect$$libinit$$0000002E)
    __rt_lib_init_argv_1                     0x00000137   Thumb Code     0  libinit2.o(.ARM.Collect$$libinit$$0000002C)
    __rt_lib_init_atexit_1                   0x00000137   Thumb Code     0  libinit2.o(.ARM.Collect$$libinit$$0000001B)
    __rt_lib_init_clock_1                    0x00000137   Thumb Code     0  libinit2.o(.ARM.Collect$$libinit$$00000021)
    __rt_lib_init_cpp_1                      0x00000137   Thumb Code     0  libinit2.o(.ARM.Collect$$libinit$$00000032)
    __rt_lib_init_exceptions_1               0x00000137   Thumb Code     0  libinit2.o(.ARM.Collect$$libinit$$00000030)
    __rt_lib_init_fp_1                       0x00000137   Thumb Code     0  libinit2.o(.ARM.Collect$$libinit$$00000002)
    __rt_lib_init_fp_trap_1                  0x00000137   Thumb Code     0  libinit2.o(.ARM.Collect$$libinit$$0000001F)
    __rt_lib_init_getenv_1                   0x00000137   Thumb Code     0  libinit2.o(.ARM.Collect$$libinit$$00000023)
    __rt_lib_init_heap_1                     0x00000137   Thumb Code     0  libinit2.o(.ARM.Collect$$libinit$$0000000A)
    __rt_lib_init_lc_collate_1               0x00000137   Thumb Code     0  libinit2.o(.ARM.Collect$$libinit$$00000011)
    __rt_lib_init_lc_ctype_1                 0x00000137   Thumb Code     0  libinit2.o(.ARM.Collect$$libinit$$00000013)
    __rt_lib_init_lc_monetary_1              0x00000137   Thumb Code     0  libinit2.o(.ARM.Collect$$libinit$$00000015)
    __rt_lib_init_lc_numeric_1               0x00000137   Thumb Code     0  libinit2.o(.ARM.Collect$$libinit$$00000017)
    __rt_lib_init_lc_time_1                  0x00000137   Thumb Code     0  libinit2.o(.ARM.Collect$$libinit$$00000019)
    __rt_lib_init_preinit_1                  0x00000137   Thumb Code     0  libinit2.o(.ARM.Collect$$libinit$$00000004)
    __rt_lib_init_rand_1                     0x00000137   Thumb Code     0  libinit2.o(.ARM.Collect$$libinit$$0000000E)
    __rt_lib_init_return                     0x00000137   Thumb Code     0  libinit2.o(.ARM.Collect$$libinit$$00000033)
    __rt_lib_init_signal_1                   0x00000137   Thumb Code     0  libinit2.o(.ARM.Collect$$libinit$$0000001D)
    __rt_lib_init_stdio_1                    0x00000137   Thumb Code     0  libinit2.o(.ARM.Collect$$libinit$$00000025)
    __rt_lib_init_user_alloc_1               0x00000137   Thumb Code     0  libinit2.o(.ARM.Collect$$libinit$$0000000C)
    __rt_lib_shutdown                        0x00000139   Thumb Code     0  libshutdown.o(.ARM.Collect$$libshutdown$$00000000)
    __rt_lib_shutdown_cpp_1                  0x0000013b   Thumb Code     0  libshutdown2.o(.ARM.Collect$$libshutdown$$00000002)
    __rt_lib_shutdown_fp_trap_1              0x0000013b   Thumb Code     0  libshutdown2.o(.ARM.Collect$$libshutdown$$00000007)
    __rt_lib_shutdown_heap_1                 0x0000013b   Thumb Code     0  libshutdown2.o(.ARM.Collect$$libshutdown$$0000000F)
    __rt_lib_shutdown_return                 0x0000013b   Thumb Code     0  libshutdown2.o(.ARM.Collect$$libshutdown$$00000010)
    __rt_lib_shutdown_signal_1               0x0000013b   Thumb Code     0  libshutdown2.o(.ARM.Collect$$libshutdown$$0000000A)
    __rt_lib_shutdown_stdio_1                0x0000013b   Thumb Code     0  libshutdown2.o(.ARM.Collect$$libshutdown$$00000004)
    __rt_lib_shutdown_user_alloc_1           0x0000013b   Thumb Code     0  libshutdown2.o(.ARM.Collect$$libshutdown$$0000000C)
    __rt_entry                               0x0000013d   Thumb Code     0  __rtentry.o(.ARM.Collect$$rtentry$$00000000)
    __rt_entry_presh_1                       0x0000013d   Thumb Code     0  __rtentry2.o(.ARM.Collect$$rtentry$$00000002)
    __rt_entry_sh                            0x0000013d   Thumb Code     0  __rtentry4.o(.ARM.Collect$$rtentry$$00000004)
    __rt_entry_li                            0x00000143   Thumb Code     0  __rtentry2.o(.ARM.Collect$$rtentry$$0000000A)
    __rt_entry_postsh_1                      0x00000143   Thumb Code     0  __rtentry2.o(.ARM.Collect$$rtentry$$00000009)
    __rt_entry_main                          0x00000147   Thumb Code     0  __rtentry2.o(.ARM.Collect$$rtentry$$0000000D)
    __rt_entry_postli_1                      0x00000147   Thumb Code     0  __rtentry2.o(.ARM.Collect$$rtentry$$0000000C)
    __rt_exit                                0x0000014f   Thumb Code     0  rtexit.o(.ARM.Collect$$rtexit$$00000000)
    __rt_exit_ls                             0x00000151   Thumb Code     0  rtexit2.o(.ARM.Collect$$rtexit$$00000003)
    __rt_exit_prels_1                        0x00000151   Thumb Code     0  rtexit2.o(.ARM.Collect$$rtexit$$00000002)
    __rt_exit_exit                           0x00000155   Thumb Code     0  rtexit2.o(.ARM.Collect$$rtexit$$00000004)
    PendSV_Handler                           0x0000015d   Thumb Code    40  switch.o(.emb_text)
    Reset_Handler                            0x0000018d   Thumb Code     8  startup_armcm3.o(.text)
    NMI_Handler                              0x00000195   Thumb Code     2  startup_armcm3.o(.text)
    HardFault_Handler                        0x00000197   Thumb Code     2  startup_armcm3.o(.text)
    MemManage_Handler                        0x00000199   Thumb Code     2  startup_armcm3.o(.text)
    BusFault_Handler                         0x0000019b   Thumb Code     2  startup_armcm3.o(.text)
    UsageFault_Handler                       0x0000019d   Thumb Code     2  startup_armcm3.o(.text)
    SVC_Handler                              0x0000019f   Thumb Code     2  startup_armcm3.o(.text)
    DebugMon_Handler                         0x000001a1   Thumb Code     2  startup_armcm3.o(.text)
    AACI_IRQHandler                          0x000001a7   Thumb Code     0  startup_armcm3.o(.text)
    CAN_IRQHandler                           0x000001a7   Thumb Code     0  startup_armcm3.o(.text)
    CHLCD_IRQHandler                         0x000001a7   Thumb Code     0  startup_armcm3.o(.text)
    CLCD_IRQHandler                          0x000001a7   Thumb Code     0  startup_armcm3.o(.text)
    CPU_CLCD_IRQHandler                      0x000001a7   Thumb Code     0  startup_armcm3.o(.text)
    ENET_IRQHandler                          0x000001a7   Thumb Code     0  startup_armcm3.o(.text)
    FLEXRAY_IRQHandler                       0x000001a7   Thumb Code     0  startup_armcm3.o(.text)
    I2C_IRQHandler                           0x000001a7   Thumb Code     0  startup_armcm3.o(.text)
    LIN_IRQHandler                           0x000001a7   Thumb Code     0  startup_armcm3.o(.text)
    MCIA_IRQHandler                          0x000001a7   Thumb Code     0  startup_armcm3.o(.text)
    MCIB_IRQHandler                          0x000001a7   Thumb Code     0  startup_armcm3.o(.text)
    RTC_IRQHandler                           0x000001a7   Thumb Code     0  startup_armcm3.o(.text)
    SPI_IRQHandler                           0x000001a7   Thumb Code     0  startup_armcm3.o(.text)
    TIM0_IRQHandler                          0x000001a7   Thumb Code     0  startup_armcm3.o(.text)
    TIM2_IRQHandler                          0x000001a7   Thumb Code     0  startup_armcm3.o(.text)
    UART0_IRQHandler                         0x000001a7   Thumb Code     0  startup_armcm3.o(.text)
    UART1_IRQHandler                         0x000001a7   Thumb Code     0  startup_armcm3.o(.text)
    UART2_IRQHandler                         0x000001a7   Thumb Code     0  startup_armcm3.o(.text)
    UART3_IRQHandler                         0x000001a7   Thumb Code     0  startup_armcm3.o(.text)
    UART4_IRQHandler                         0x000001a7   Thumb Code     0  startup_armcm3.o(.text)
    USBDC_IRQHandler                         0x000001a7   Thumb Code     0  startup_armcm3.o(.text)
    USBHC_IRQHandler                         0x000001a7   Thumb Code     0  startup_armcm3.o(.text)
    WDT_IRQHandler                           0x000001a7   Thumb Code     0  startup_armcm3.o(.text)
    __user_initial_stackheap                 0x000001a9   Thumb Code    10  startup_armcm3.o(.text)
    __use_two_region_memory                  0x000001cd   Thumb Code     2  heapauxi.o(.text)
    __rt_heap_escrow$2region                 0x000001cf   Thumb Code     2  heapauxi.o(.text)
    __rt_heap_expand$2region                 0x000001d1   Thumb Code     2  heapauxi.o(.text)
    __user_setup_stackheap                   0x000001d3   Thumb Code    74  sys_stackheap_outer.o(.text)
    exit                                     0x0000021d   Thumb Code    18  exit.o(.text)
    __user_libspace                          0x00000231   Thumb Code     8  libspace.o(.text)
    __user_perproc_libspace                  0x00000231   Thumb Code     0  libspace.o(.text)
    __user_perthread_libspace                0x00000231   Thumb Code     0  libspace.o(.text)
    _sys_exit                                0x00000239   Thumb Code     8  sys_exit.o(.text)
    __I$use$semihosting                      0x00000245   Thumb Code     0  use_no_semi.o(.text)
    __use_no_semihosting_swi                 0x00000245   Thumb Code     2  use_no_semi.o(.text)
    BitmapClear                              0x00000247   Thumb Code    12  bitmap.o(i.BitmapClear)
    __semihosting_library_function           0x00000247   Thumb Code     0  indicate_semi.o(.text)
    BitmapGetFirstSet                        0x00000255   Thumb Code    86  bitmap.o(i.BitmapGetFirstSet)
    BitmapMaxBit                             0x000002b1   Thumb Code     4  bitmap.o(i.BitmapMaxBit)
    BitmapSet                                0x000002b5   Thumb Code    12  bitmap.o(i.BitmapSet)
    GetHighestReady                          0x000002c1   Thumb Code    30  scheduler.o(i.GetHighestReady)
    InitApps                                 0x000002e9   Thumb Code    92  app.o(i.InitApps)
    ListAddLast                              0x00000381   Thumb Code    20  list.o(i.ListAddLast)
    ListFirst                                0x00000395   Thumb Code    12  list.o(i.ListFirst)
    ListInit                                 0x000003a1   Thumb Code    10  list.o(i.ListInit)
    ListNodeCount                            0x000003ab   Thumb Code     6  list.o(i.ListNodeCount)
    ListRemove                               0x000003b1   Thumb Code    20  list.o(i.ListRemove)
    ListRemoveFirst                          0x000003c5   Thumb Code    26  list.o(i.ListRemoveFirst)
    NodeInit                                 0x000003df   Thumb Code     6  list.o(i.NodeInit)
    SetSysTickPeriod                         0x000003e5   Thumb Code    74  cpu.o(i.SetSysTickPeriod)
    SysTick_Handler                          0x0000043d   Thumb Code     8  cpu.o(i.SysTick_Handler)
    SystemInit                               0x00000445   Thumb Code     8  system_armcm3.o(i.SystemInit)
    Task1CleanFunc                           0x00000455   Thumb Code     8  app.o(i.Task1CleanFunc)
    TaskDelay                                0x00000461   Thumb Code    40  time.o(i.TaskDelay)
    TaskDelayListInit                        0x0000048d   Thumb Code    10  scheduler.o(i.TaskDelayListInit)
    TaskDeleteSelf                           0x0000049d   Thumb Code    40  task.o(i.TaskDeleteSelf)
    TaskEnterCritical                        0x000004c5   Thumb Code    12  switch.o(i.TaskEnterCritical)
    TaskExitCritical                         0x000004d1   Thumb Code    10  switch.o(i.TaskExitCritical)
    TaskForceDelete                          0x000004dd   Thumb Code    72  task.o(i.TaskForceDelete)
    TaskInit                                 0x00000529   Thumb Code   210  task.o(i.TaskInit)
    TaskIsRequestDelete                      0x00000605   Thumb Code    24  task.o(i.TaskIsRequestDelete)
    TaskRequestDelete                        0x0000061d   Thumb Code    24  task.o(i.TaskRequestDelete)
    TaskRunFisrt                             0x00000635   Thumb Code    24  switch.o(i.TaskRunFisrt)
    TaskSched                                0x00000651   Thumb Code    56  scheduler.o(i.TaskSched)
    TaskSchedInit                            0x00000695   Thumb Code    34  scheduler.o(i.TaskSchedInit)
    TaskSchedReady                           0x000006c1   Thumb Code    32  scheduler.o(i.TaskSchedReady)
    TaskSchedRemove                          0x000006e9   Thumb Code    50  scheduler.o(i.TaskSchedRemove)
    TaskSchedUnReady                         0x00000725   Thumb Code    50  scheduler.o(i.TaskSchedUnReady)
    TaskSetCleanFunc                         0x00000761   Thumb Code     6  task.o(i.TaskSetCleanFunc)
    TaskSwitch                               0x00000769   Thumb Code    10  switch.o(i.TaskSwitch)
    TaskSysTick_Handler                      0x00000779   Thumb Code   150  cpu.o(i.TaskSysTick_Handler)
    TimeTaskRemove                           0x0000081d   Thumb Code    16  scheduler.o(i.TimeTaskRemove)
    TimeTaskWait                             0x00000831   Thumb Code    28  scheduler.o(i.TimeTaskWait)
    TimeTaskWakeUp                           0x00000851   Thumb Code    24  scheduler.o(i.TimeTaskWakeUp)
    main                                     0x0000086d   Thumb Code    36  main.o(i.main)
    task1_func                               0x00000895   Thumb Code    42  app.o(i.task1_func)
    task2_func                               0x000008cd   Thumb Code    44  app.o(i.task2_func)
    task3_func                               0x00000901   Thumb Code    54  app.o(i.task3_func)
    task4_func                               0x00000941   Thumb Code    44  app.o(i.task4_func)
    task_idle_func                           0x00000975   Thumb Code     8  app.o(i.task_idle_func)
    Region$$Table$$Base                      0x00000a7c   Number         0  anon$$obj.o(Region$$Table)
    Region$$Table$$Limit                     0x00000a9c   Number         0  anon$$obj.o(Region$$Table)
    gTask1_Flag                              0x20000000   Data           4  app.o(.data)
    gTask2_Flag                              0x20000004   Data           4  app.o(.data)
    gTask3_Flag                              0x20000008   Data           4  app.o(.data)
    gTask4_Flag                              0x2000000c   Data           4  app.o(.data)
    gTaskPrioBitmap                          0x20000010   Data           4  scheduler.o(.data)
    gCurrentTask                             0x20000014   Data           4  scheduler.o(.data)
    gNextTask                                0x20000018   Data           4  scheduler.o(.data)
    gSchedLockCount                          0x2000001c   Data           1  scheduler.o(.data)
    SystemCoreClock                          0x20000020   Data           4  system_armcm3.o(.data)
    gTask1                                   0x20000024   Data          64  app.o(.bss)
    gTask2                                   0x20000064   Data          64  app.o(.bss)
    gTask3                                   0x200000a4   Data          64  app.o(.bss)
    gTask4                                   0x200000e4   Data          64  app.o(.bss)
    gTask1_Stack                             0x20000124   Data        1024  app.o(.bss)
    gTask2_Stack                             0x20000524   Data        1024  app.o(.bss)
    gTask3_Stack                             0x20000924   Data        1024  app.o(.bss)
    gTask4_Stack                             0x20000d24   Data        1024  app.o(.bss)
    gTaskIdle                                0x20001124   Data          64  app.o(.bss)
    gTaskIdle_Stack                          0x20001164   Data        1024  app.o(.bss)
    gTaskTable                               0x20001564   Data         384  scheduler.o(.bss)
    gTaskDelayList                           0x200016e4   Data          12  scheduler.o(.bss)
    __libspace_start                         0x200016f0   Data          96  libspace.o(.bss)
    __temporary_stack_top$libspace           0x20001750   Data           0  libspace.o(.bss)



==============================================================================

Memory Map of the image

  Image Entry point : 0x000000c1

  Load Region LR_IROM1 (Base: 0x00000000, Size: 0x00000ac0, Max: 0x00040000, ABSOLUTE)

    Execution Region ER_IROM1 (Base: 0x00000000, Size: 0x00000a9c, Max: 0x00040000, ABSOLUTE)

    Base Addr    Size         Type   Attr      Idx    E Section Name        Object

    0x00000000   0x000000c0   Data   RO          566    RESET               startup_armcm3.o
    0x000000c0   0x00000008   Code   RO          611  * !!!main             c_w.l(__main.o)
    0x000000c8   0x00000034   Code   RO          768    !!!scatter          c_w.l(__scatter.o)
    0x000000fc   0x0000001a   Code   RO          770    !!handler_copy      c_w.l(__scatter_copy.o)
    0x00000116   0x00000002   PAD
    0x00000118   0x0000001c   Code   RO          772    !!handler_zi        c_w.l(__scatter_zi.o)
    0x00000134   0x00000002   Code   RO          638    .ARM.Collect$$libinit$$00000000  c_w.l(libinit.o)
    0x00000136   0x00000000   Code   RO          645    .ARM.Collect$$libinit$$00000002  c_w.l(libinit2.o)
    0x00000136   0x00000000   Code   RO          647    .ARM.Collect$$libinit$$00000004  c_w.l(libinit2.o)
    0x00000136   0x00000000   Code   RO          650    .ARM.Collect$$libinit$$0000000A  c_w.l(libinit2.o)
    0x00000136   0x00000000   Code   RO          652    .ARM.Collect$$libinit$$0000000C  c_w.l(libinit2.o)
    0x00000136   0x00000000   Code   RO          654    .ARM.Collect$$libinit$$0000000E  c_w.l(libinit2.o)
    0x00000136   0x00000000   Code   RO          657    .ARM.Collect$$libinit$$00000011  c_w.l(libinit2.o)
    0x00000136   0x00000000   Code   RO          659    .ARM.Collect$$libinit$$00000013  c_w.l(libinit2.o)
    0x00000136   0x00000000   Code   RO          661    .ARM.Collect$$libinit$$00000015  c_w.l(libinit2.o)
    0x00000136   0x00000000   Code   RO          663    .ARM.Collect$$libinit$$00000017  c_w.l(libinit2.o)
    0x00000136   0x00000000   Code   RO          665    .ARM.Collect$$libinit$$00000019  c_w.l(libinit2.o)
    0x00000136   0x00000000   Code   RO          667    .ARM.Collect$$libinit$$0000001B  c_w.l(libinit2.o)
    0x00000136   0x00000000   Code   RO          669    .ARM.Collect$$libinit$$0000001D  c_w.l(libinit2.o)
    0x00000136   0x00000000   Code   RO          671    .ARM.Collect$$libinit$$0000001F  c_w.l(libinit2.o)
    0x00000136   0x00000000   Code   RO          673    .ARM.Collect$$libinit$$00000021  c_w.l(libinit2.o)
    0x00000136   0x00000000   Code   RO          675    .ARM.Collect$$libinit$$00000023  c_w.l(libinit2.o)
    0x00000136   0x00000000   Code   RO          677    .ARM.Collect$$libinit$$00000025  c_w.l(libinit2.o)
    0x00000136   0x00000000   Code   RO          681    .ARM.Collect$$libinit$$0000002C  c_w.l(libinit2.o)
    0x00000136   0x00000000   Code   RO          683    .ARM.Collect$$libinit$$0000002E  c_w.l(libinit2.o)
    0x00000136   0x00000000   Code   RO          685    .ARM.Collect$$libinit$$00000030  c_w.l(libinit2.o)
    0x00000136   0x00000000   Code   RO          687    .ARM.Collect$$libinit$$00000032  c_w.l(libinit2.o)
    0x00000136   0x00000002   Code   RO          688    .ARM.Collect$$libinit$$00000033  c_w.l(libinit2.o)
    0x00000138   0x00000002   Code   RO          708    .ARM.Collect$$libshutdown$$00000000  c_w.l(libshutdown.o)
    0x0000013a   0x00000000   Code   RO          721    .ARM.Collect$$libshutdown$$00000002  c_w.l(libshutdown2.o)
    0x0000013a   0x00000000   Code   RO          723    .ARM.Collect$$libshutdown$$00000004  c_w.l(libshutdown2.o)
    0x0000013a   0x00000000   Code   RO          726    .ARM.Collect$$libshutdown$$00000007  c_w.l(libshutdown2.o)
    0x0000013a   0x00000000   Code   RO          729    .ARM.Collect$$libshutdown$$0000000A  c_w.l(libshutdown2.o)
    0x0000013a   0x00000000   Code   RO          731    .ARM.Collect$$libshutdown$$0000000C  c_w.l(libshutdown2.o)
    0x0000013a   0x00000000   Code   RO          734    .ARM.Collect$$libshutdown$$0000000F  c_w.l(libshutdown2.o)
    0x0000013a   0x00000002   Code   RO          735    .ARM.Collect$$libshutdown$$00000010  c_w.l(libshutdown2.o)
    0x0000013c   0x00000000   Code   RO          613    .ARM.Collect$$rtentry$$00000000  c_w.l(__rtentry.o)
    0x0000013c   0x00000000   Code   RO          615    .ARM.Collect$$rtentry$$00000002  c_w.l(__rtentry2.o)
    0x0000013c   0x00000006   Code   RO          627    .ARM.Collect$$rtentry$$00000004  c_w.l(__rtentry4.o)
    0x00000142   0x00000000   Code   RO          617    .ARM.Collect$$rtentry$$00000009  c_w.l(__rtentry2.o)
    0x00000142   0x00000004   Code   RO          618    .ARM.Collect$$rtentry$$0000000A  c_w.l(__rtentry2.o)
    0x00000146   0x00000000   Code   RO          620    .ARM.Collect$$rtentry$$0000000C  c_w.l(__rtentry2.o)
    0x00000146   0x00000008   Code   RO          621    .ARM.Collect$$rtentry$$0000000D  c_w.l(__rtentry2.o)
    0x0000014e   0x00000002   Code   RO          642    .ARM.Collect$$rtexit$$00000000  c_w.l(rtexit.o)
    0x00000150   0x00000000   Code   RO          690    .ARM.Collect$$rtexit$$00000002  c_w.l(rtexit2.o)
    0x00000150   0x00000004   Code   RO          691    .ARM.Collect$$rtexit$$00000003  c_w.l(rtexit2.o)
    0x00000154   0x00000006   Code   RO          692    .ARM.Collect$$rtexit$$00000004  c_w.l(rtexit2.o)
    0x0000015a   0x00000002   PAD
    0x0000015c   0x00000030   Code   RO           70    .emb_text           switch.o
    0x0000018c   0x00000040   Code   RO          567    .text               startup_armcm3.o
    0x000001cc   0x00000006   Code   RO          609    .text               c_w.l(heapauxi.o)
    0x000001d2   0x0000004a   Code   RO          629    .text               c_w.l(sys_stackheap_outer.o)
    0x0000021c   0x00000012   Code   RO          631    .text               c_w.l(exit.o)
    0x0000022e   0x00000002   PAD
    0x00000230   0x00000008   Code   RO          639    .text               c_w.l(libspace.o)
    0x00000238   0x0000000c   Code   RO          700    .text               c_w.l(sys_exit.o)
    0x00000244   0x00000002   Code   RO          711    .text               c_w.l(use_no_semi.o)
    0x00000246   0x00000000   Code   RO          713    .text               c_w.l(indicate_semi.o)
    0x00000246   0x0000000c   Code   RO          276    i.BitmapClear       bitmap.o
    0x00000252   0x00000002   PAD
    0x00000254   0x0000005c   Code   RO          277    i.BitmapGetFirstSet  bitmap.o
    0x000002b0   0x00000004   Code   RO          279    i.BitmapMaxBit      bitmap.o
    0x000002b4   0x0000000c   Code   RO          280    i.BitmapSet         bitmap.o
    0x000002c0   0x00000028   Code   RO          356    i.GetHighestReady   scheduler.o
    0x000002e8   0x00000098   Code   RO          209    i.InitApps          app.o
    0x00000380   0x00000014   Code   RO          117    i.ListAddLast       list.o
    0x00000394   0x0000000c   Code   RO          118    i.ListFirst         list.o
    0x000003a0   0x0000000a   Code   RO          119    i.ListInit          list.o
    0x000003aa   0x00000006   Code   RO          123    i.ListNodeCount     list.o
    0x000003b0   0x00000014   Code   RO          126    i.ListRemove        list.o
    0x000003c4   0x0000001a   Code   RO          128    i.ListRemoveFirst   list.o
    0x000003de   0x00000006   Code   RO          129    i.NodeInit          list.o
    0x000003e4   0x00000058   Code   RO          316    i.SetSysTickPeriod  cpu.o
    0x0000043c   0x00000008   Code   RO          317    i.SysTick_Handler   cpu.o
    0x00000444   0x00000010   Code   RO          575    i.SystemInit        system_armcm3.o
    0x00000454   0x0000000c   Code   RO          210    i.Task1CleanFunc    app.o
    0x00000460   0x0000002c   Code   RO          526    i.TaskDelay         time.o
    0x0000048c   0x00000010   Code   RO          357    i.TaskDelayListInit  scheduler.o
    0x0000049c   0x00000028   Code   RO          453    i.TaskDeleteSelf    task.o
    0x000004c4   0x0000000c   Code   RO           71    i.TaskEnterCritical  switch.o
    0x000004d0   0x0000000a   Code   RO           72    i.TaskExitCritical  switch.o
    0x000004da   0x00000002   PAD
    0x000004dc   0x0000004c   Code   RO          454    i.TaskForceDelete   task.o
    0x00000528   0x000000dc   Code   RO          456    i.TaskInit          task.o
    0x00000604   0x00000018   Code   RO          457    i.TaskIsRequestDelete  task.o
    0x0000061c   0x00000018   Code   RO          458    i.TaskRequestDelete  task.o
    0x00000634   0x0000001c   Code   RO           73    i.TaskRunFisrt      switch.o
    0x00000650   0x00000044   Code   RO          358    i.TaskSched         scheduler.o
    0x00000694   0x0000002c   Code   RO          361    i.TaskSchedInit     scheduler.o
    0x000006c0   0x00000028   Code   RO          362    i.TaskSchedReady    scheduler.o
    0x000006e8   0x0000003c   Code   RO          363    i.TaskSchedRemove   scheduler.o
    0x00000724   0x0000003c   Code   RO          364    i.TaskSchedUnReady  scheduler.o
    0x00000760   0x00000006   Code   RO          459    i.TaskSetCleanFunc  task.o
    0x00000766   0x00000002   PAD
    0x00000768   0x00000010   Code   RO           74    i.TaskSwitch        switch.o
    0x00000778   0x000000a4   Code   RO          318    i.TaskSysTick_Handler  cpu.o
    0x0000081c   0x00000014   Code   RO          365    i.TimeTaskRemove    scheduler.o
    0x00000830   0x00000020   Code   RO          366    i.TimeTaskWait      scheduler.o
    0x00000850   0x0000001c   Code   RO          367    i.TimeTaskWakeUp    scheduler.o
    0x0000086c   0x00000028   Code   RO            4    i.main              main.o
    0x00000894   0x00000038   Code   RO          212    i.task1_func        app.o
    0x000008cc   0x00000034   Code   RO          213    i.task2_func        app.o
    0x00000900   0x00000040   Code   RO          214    i.task3_func        app.o
    0x00000940   0x00000034   Code   RO          215    i.task4_func        app.o
    0x00000974   0x00000008   Code   RO          216    i.task_idle_func    app.o
    0x0000097c   0x00000100   Data   RO          281    .constdata          bitmap.o
    0x00000a7c   0x00000020   Data   RO          766    Region$$Table       anon$$obj.o


    Execution Region RW_IRAM1 (Base: 0x20000000, Size: 0x00002750, Max: 0x00020000, ABSOLUTE)

    Base Addr    Size         Type   Attr      Idx    E Section Name        Object

    0x20000000   0x00000010   Data   RW          218    .data               app.o
    0x20000010   0x0000000d   Data   RW          369    .data               scheduler.o
    0x2000001d   0x00000003   PAD
    0x20000020   0x00000004   Data   RW          576    .data               system_armcm3.o
    0x20000024   0x00001540   Zero   RW          217    .bss                app.o
    0x20001564   0x0000018c   Zero   RW          368    .bss                scheduler.o
    0x200016f0   0x00000060   Zero   RW          640    .bss                c_w.l(libspace.o)
    0x20001750   0x00000c00   Zero   RW          565    HEAP                startup_armcm3.o
    0x20002350   0x00000400   Zero   RW          564    STACK               startup_armcm3.o


==============================================================================

Image component sizes


      Code (inc. data)   RO Data    RW Data    ZI Data      Debug   Object Name

       396        104          0         16       5440       4381   app.o
       120          6        256          0          0       2189   bitmap.o
       260         28          0          0          0      28474   cpu.o
       100          0          0          0          0       3451   list.o
        40          4          0          0          0       9799   main.o
       408         78          0         13        396       5620   scheduler.o
        64         26        192          0       4096        840   startup_armcm3.o
       114         18          0          0          0       5479   switch.o
        16          8          0          4          0        663   system_armcm3.o
       390         14          0          0          0       3651   task.o
        44          4          0          0          0        508   time.o

    ----------------------------------------------------------------------
      1958        290        480         36       9932      65055   Object Totals
         0          0         32          0          0          0   (incl. Generated)
         6          0          0          3          0          0   (incl. Padding)

    ----------------------------------------------------------------------

      Code (inc. data)   RO Data    RW Data    ZI Data      Debug   Library Member Name

         8          0          0          0          0         68   __main.o
         0          0          0          0          0          0   __rtentry.o
        12          0          0          0          0          0   __rtentry2.o
         6          0          0          0          0          0   __rtentry4.o
        52          8          0          0          0          0   __scatter.o
        26          0          0          0          0          0   __scatter_copy.o
        28          0          0          0          0          0   __scatter_zi.o
        18          0          0          0          0         80   exit.o
         6          0          0          0          0        152   heapauxi.o
         0          0          0          0          0          0   indicate_semi.o
         2          0          0          0          0          0   libinit.o
         2          0          0          0          0          0   libinit2.o
         2          0          0          0          0          0   libshutdown.o
         2          0          0          0          0          0   libshutdown2.o
         8          4          0          0         96         68   libspace.o
         2          0          0          0          0          0   rtexit.o
        10          0          0          0          0          0   rtexit2.o
        12          4          0          0          0         68   sys_exit.o
        74          0          0          0          0         80   sys_stackheap_outer.o
         2          0          0          0          0         68   use_no_semi.o

    ----------------------------------------------------------------------
       278         16          0          0         96        584   Library Totals
         6          0          0          0          0          0   (incl. Padding)

    ----------------------------------------------------------------------

      Code (inc. data)   RO Data    RW Data    ZI Data      Debug   Library Name

       272         16          0          0         96        584   c_w.l

    ----------------------------------------------------------------------
       278         16          0          0         96        584   Library Totals

    ----------------------------------------------------------------------

==============================================================================


      Code (inc. data)   RO Data    RW Data    ZI Data      Debug   

      2236        306        480         36      10028      63347   Grand Totals
      2236        306        480         36      10028      63347   ELF Image Totals
      2236        306        480         36          0          0   ROM Totals

==============================================================================

    Total RO  Size (Code + RO Data)                 2716 (   2.65kB)
    Total RW  Size (RW Data + ZI Data)             10064 (   9.83kB)
    Total ROM Size (Code + RO Data + RW Data)       2752 (   2.69kB)

==============================================================================

